Archive member included to satisfy reference by file (symbol)

app/libapp.a(sensor.c.obj)    (--whole-archive)
app/libapp.a(tach.c.obj)      (--whole-archive)
app/libapp.a(uart_handle.c.obj)
                              (--whole-archive)
app/libapp.a(shell.c.obj)     (--whole-archive)
app/libapp.a(motor.c.obj)     (--whole-archive)
app/libapp.a(valve.c.obj)     (--whole-archive)
app/libapp.a(pid.c.obj)       (--whole-archive)
app/libapp.a(main.c.obj)      (--whole-archive)
zephyr/libzephyr.a(getopt.c.obj)
                              (--whole-archive)
zephyr/libzephyr.a(getopt_common.c.obj)
                              (--whole-archive)
zephyr/libzephyr.a(cbprintf_packaged.c.obj)
                              (--whole-archive)
zephyr/libzephyr.a(dec.c.obj)
                              (--whole-archive)
zephyr/libzephyr.a(hex.c.obj)
                              (--whole-archive)
zephyr/libzephyr.a(printk.c.obj)
                              (--whole-archive)
zephyr/libzephyr.a(rb.c.obj)  (--whole-archive)
zephyr/libzephyr.a(sem.c.obj)
                              (--whole-archive)
zephyr/libzephyr.a(thread_entry.c.obj)
                              (--whole-archive)
zephyr/libzephyr.a(timeutil.c.obj)
                              (--whole-archive)
zephyr/libzephyr.a(heap.c.obj)
                              (--whole-archive)
zephyr/libzephyr.a(heap-validate.c.obj)
                              (--whole-archive)
zephyr/libzephyr.a(bitarray.c.obj)
                              (--whole-archive)
zephyr/libzephyr.a(multi_heap.c.obj)
                              (--whole-archive)
zephyr/libzephyr.a(cbprintf_complete.c.obj)
                              (--whole-archive)
zephyr/libzephyr.a(ring_buffer.c.obj)
                              (--whole-archive)
zephyr/libzephyr.a(assert.c.obj)
                              (--whole-archive)
zephyr/libzephyr.a(mpsc_pbuf.c.obj)
                              (--whole-archive)
zephyr/libzephyr.a(configs.c.obj)
                              (--whole-archive)
zephyr/libzephyr.a(soc.c.obj)
                              (--whole-archive)
zephyr/libzephyr.a(log_core.c.obj)
                              (--whole-archive)
zephyr/libzephyr.a(log_mgmt.c.obj)
                              (--whole-archive)
zephyr/libzephyr.a(log_cache.c.obj)
                              (--whole-archive)
zephyr/libzephyr.a(log_msg.c.obj)
                              (--whole-archive)
zephyr/libzephyr.a(log_output.c.obj)
                              (--whole-archive)
zephyr/libzephyr.a(log_cmds.c.obj)
                              (--whole-archive)
zephyr/libzephyr.a(mem_attr.c.obj)
                              (--whole-archive)
zephyr/libzephyr.a(tracing_none.c.obj)
                              (--whole-archive)
zephyr/libzephyr.a(kernel_service.c.obj)
                              (--whole-archive)
zephyr/libzephyr.a(device_service.c.obj)
                              (--whole-archive)
zephyr/libzephyr.a(devmem_service.c.obj)
                              (--whole-archive)
zephyr/libzephyr.a(shell_uart.c.obj)
                              (--whole-archive)
zephyr/libzephyr.a(shell.c.obj)
                              (--whole-archive)
zephyr/libzephyr.a(shell_fprintf.c.obj)
                              (--whole-archive)
zephyr/libzephyr.a(shell_utils.c.obj)
                              (--whole-archive)
zephyr/libzephyr.a(shell_ops.c.obj)
                              (--whole-archive)
zephyr/libzephyr.a(shell_log_backend.c.obj)
                              (--whole-archive)
zephyr/libzephyr.a(shell_help.c.obj)
                              (--whole-archive)
zephyr/libzephyr.a(shell_cmds.c.obj)
                              (--whole-archive)
zephyr/libzephyr.a(shell_history.c.obj)
                              (--whole-archive)
zephyr/libzephyr.a(shell_wildcard.c.obj)
                              (--whole-archive)
zephyr/arch/common/libarch__common.a(sw_isr_common.c.obj)
                              (--whole-archive)
zephyr/arch/arch/arm/core/libarch__arm__core.a(fatal.c.obj)
                              (--whole-archive)
zephyr/arch/arch/arm/core/libarch__arm__core.a(nmi.c.obj)
                              (--whole-archive)
zephyr/arch/arch/arm/core/libarch__arm__core.a(nmi_on_reset.S.obj)
                              (--whole-archive)
zephyr/arch/arch/arm/core/libarch__arm__core.a(tls.c.obj)
                              (--whole-archive)
zephyr/arch/arch/arm/core/cortex_m/libarch__arm__core__cortex_m.a(exc_exit.S.obj)
                              (--whole-archive)
zephyr/arch/arch/arm/core/cortex_m/libarch__arm__core__cortex_m.a(fault.c.obj)
                              (--whole-archive)
zephyr/arch/arch/arm/core/cortex_m/libarch__arm__core__cortex_m.a(fault_s.S.obj)
                              (--whole-archive)
zephyr/arch/arch/arm/core/cortex_m/libarch__arm__core__cortex_m.a(fpu.c.obj)
                              (--whole-archive)
[...]
Memory Configuration

Name             Origin             Length             Attributes
FLASH            0x0000000008000000 0x0000000000300000 xr
RAM              0x0000000020000000 0x000000000001c000 xw
IDT_LIST         0x00000000fffff7ff 0x0000000000000800 xw
*default*        0x0000000000000000 0xffffffffffffffff

Linker script and memory map

                0x000000000800a354                vfprintf = __d_vfprintf
                0x000000000800af00                vfscanf = __d_vfscanf
LOAD zephyr/CMakeFiles/zephyr_final.dir/misc/empty_file.c.obj
LOAD zephyr/CMakeFiles/zephyr_final.dir/isr_tables.c.obj
LOAD zephyr/CMakeFiles/offsets.dir/./arch/arm/core/offsets/offsets.c.obj
LOAD app/libapp.a
LOAD zephyr/libzephyr.a
LOAD zephyr/arch/common/libarch__common.a
LOAD zephyr/arch/arch/arm/core/libarch__arm__core.a
LOAD zephyr/arch/arch/arm/core/cortex_m/libarch__arm__core__cortex_m.a
LOAD zephyr/arch/arch/arm/core/mpu/libarch__arm__core__mpu.a
LOAD zephyr/lib/libc/picolibc/liblib__libc__picolibc.a
LOAD zephyr/lib/libc/common/liblib__libc__common.a
LOAD zephyr/lib/posix/liblib__posix.a
LOAD zephyr/soc/soc/arm/common/cortex_m/libsoc__arm__common__cortex_m.a
LOAD zephyr/drivers/interrupt_controller/libdrivers__interrupt_controller.a
LOAD zephyr/drivers/clock_control/libdrivers__clock_control.a
LOAD zephyr/drivers/console/libdrivers__console.a
LOAD zephyr/drivers/gpio/libdrivers__gpio.a
LOAD zephyr/drivers/pinctrl/libdrivers__pinctrl.a
LOAD zephyr/drivers/pwm/libdrivers__pwm.a
LOAD zephyr/drivers/reset/libdrivers__reset.a
LOAD zephyr/drivers/serial/libdrivers__serial.a
LOAD zephyr/drivers/spi/libdrivers__spi.a
LOAD zephyr/drivers/timer/libdrivers__timer.a
LOAD modules/hal_gigadevice/libhal_gigadevice.a
LOAD zephyr/kernel/libkernel.a
LOAD /opt/toolchains/zephyr-sdk-0.16.1/arm-zephyr-eabi/bin/../lib/gcc/arm-zephyr-eabi/12.2.0/thumb/v7e-m/nofp/libgcc.a
LOAD zephyr/arch/common/libisr_tables.a
LOAD /opt/toolchains/zephyr-sdk-0.16.1/arm-zephyr-eabi/bin/../lib/gcc/../../picolibc/arm-zephyr-eabi/lib/thumb/v7e-m/nofp/libc.a
LOAD /opt/toolchains/zephyr-sdk-0.16.1/arm-zephyr-eabi/bin/../lib/gcc/arm-zephyr-eabi/12.2.0/thumb/v7e-m/nofp/libgcc.a
                0x0000000000000020                _region_min_align = 0x20

.rel.plt        0x0000000008000000        0x0
 *(SORT_BY_ALIGNMENT(.rel.plt))
                [!provide]                        PROVIDE (__rel_iplt_start = .)
 *(SORT_BY_ALIGNMENT(.rel.iplt))
 .rel.iplt      0x0000000008000000        0x0 zephyr/CMakeFiles/zephyr_final.dir/isr_tables.c.obj
                [!provide]                        PROVIDE (__rel_iplt_end = .)

.rela.plt       0x0000000000000000        0x0
 *(SORT_BY_ALIGNMENT(.rela.plt))
                [!provide]                        PROVIDE (__rela_iplt_start = .)
 *(SORT_BY_ALIGNMENT(.rela.iplt))
                [!provide]                        PROVIDE (__rela_iplt_end = .)

.rel.dyn
 *(SORT_BY_ALIGNMENT(.rel.*))

.rela.dyn
 *(SORT_BY_ALIGNMENT(.rela.*))

/DISCARD/
 *(SORT_BY_ALIGNMENT(.plt))

/DISCARD/
 *(SORT_BY_ALIGNMENT(.iplt))
                0x0000000008000000                __rom_region_start = 0x8000000

rom_start       0x0000000008000000      0x1ac
                0x0000000008000000                __rom_start_address = .
 FILL mask 0x00
                0x0000000008000000                . = (. + (0x0 - (. - __rom_start_address)))
                0x0000000008000000                . = ALIGN (0x4)
                0x0000000008000000                . = ALIGN (0x80)
                0x0000000008000000                . = ALIGN (0x200)
                0x0000000008000000                _vector_start = .
 *(SORT_BY_ALIGNMENT(.exc_vector_table))
 *(SORT_BY_ALIGNMENT(.exc_vector_table.*))
 .exc_vector_table._vector_table_section
                0x0000000008000000       0x40 zephyr/arch/arch/arm/core/cortex_m/libarch__arm__core__cortex_m.a(vector_table.S.obj)
                0x0000000008000000                _vector_table
 *(SORT_BY_ALIGNMENT(.vectors))
                0x00000000080001ac                _vector_end = .
                0x0000000008000040                . = ALIGN (0x4)
 *(SORT_BY_ALIGNMENT(.gnu.linkonce.irq_vector_table*))
 .gnu.linkonce.irq_vector_table
                0x0000000008000040      0x16c zephyr/CMakeFiles/zephyr_final.dir/isr_tables.c.obj
                0x0000000008000040                _irq_vector_table
                0x00000000080001ac                _vector_end = .

text            0x00000000080001b0     0xee4c
                0x00000000080001b0                __text_region_start = .
 *(SORT_BY_ALIGNMENT(.text))
 .text          0x00000000080001b0      0x378 /opt/toolchains/zephyr-sdk-0.16.1/arm-zephyr-eabi/bin/../lib/gcc/arm-zephyr-eabi/12.2.0/thumb/v7e-m/nofp/libgcc.a(_arm_addsubdf3.o)
                0x00000000080001b0                __aeabi_drsub
                0x00000000080001b8                __aeabi_dsub
                0x00000000080001b8                __subdf3
                0x00000000080001bc                __adddf3
                0x00000000080001bc                __aeabi_dadd
                0x0000000008000434                __aeabi_ui2d
                0x0000000008000434                __floatunsidf
                0x0000000008000454                __floatsidf
                0x0000000008000454                __aeabi_i2d
                0x0000000008000478                __extendsfdf2
                0x0000000008000478                __aeabi_f2d
                0x00000000080004bc                __aeabi_ul2d
                0x00000000080004bc                __floatundidf
                0x00000000080004cc                __floatdidf
                0x00000000080004cc                __aeabi_l2d
 .text          0x0000000008000528      0x424 /opt/toolchains/zephyr-sdk-0.16.1/arm-zephyr-eabi/bin/../lib/gcc/arm-zephyr-eabi/12.2.0/thumb/v7e-m/nofp/libgcc.a(_arm_muldivdf3.o)
                0x0000000008000528                __aeabi_dmul
                0x0000000008000528                __muldf3
                0x000000000800077c                __aeabi_ddiv
                0x000000000800077c                __divdf3
 .text          0x000000000800094c       0xa0 /opt/toolchains/zephyr-sdk-0.16.1/arm-zephyr-eabi/bin/../lib/gcc/arm-zephyr-eabi/12.2.0/thumb/v7e-m/nofp/libgcc.a(_arm_truncdfsf2.o)
                0x000000000800094c                __aeabi_d2f
                0x000000000800094c                __truncdfsf2
 .text          0x00000000080009ec      0x21c /opt/toolchains/zephyr-sdk-0.16.1/arm-zephyr-eabi/bin/../lib/gcc/arm-zephyr-eabi/12.2.0/thumb/v7e-m/nofp/libgcc.a(_arm_addsubsf3.o)
                0x00000000080009ec                __aeabi_frsub
                0x00000000080009f4                __subsf3
                0x00000000080009f4                __aeabi_fsub
                0x00000000080009f8                __aeabi_fadd
                0x00000000080009f8                __addsf3
                0x0000000008000b58                __aeabi_ui2f
                0x0000000008000b58                __floatunsisf
                0x0000000008000b60                __aeabi_i2f
                0x0000000008000b60                __floatsisf
                0x0000000008000b7c                __floatundisf
                0x0000000008000b7c                __aeabi_ul2f
                0x0000000008000b8c                __floatdisf
                0x0000000008000b8c                __aeabi_l2f
 .text          0x0000000008000c08      0x2a0 /opt/toolchains/zephyr-sdk-0.16.1/arm-zephyr-eabi/bin/../lib/gcc/arm-zephyr-eabi/12.2.0/thumb/v7e-m/nofp/libgcc.a(_arm_muldivsf3.o)
                0x0000000008000c08                __mulsf3
                0x0000000008000c08                __aeabi_fmul
                0x0000000008000d70                __divsf3
                0x0000000008000d70                __aeabi_fdiv
 .text          0x0000000008000ea8       0xec /opt/toolchains/zephyr-sdk-0.16.1/arm-zephyr-eabi/bin/../lib/gcc/arm-zephyr-eabi/12.2.0/thumb/v7e-m/nofp/libgcc.a(_arm_cmpsf2.o)
                0x0000000008000ea8                __gtsf2
                0x0000000008000ea8                __gesf2
                0x0000000008000eb0                __lesf2
                0x0000000008000eb0                __ltsf2
                0x0000000008000eb8                __nesf2
                0x0000000008000eb8                __eqsf2
                0x0000000008000eb8                __cmpsf2
                0x0000000008000f18                __aeabi_cfrcmple
                0x0000000008000f20                __aeabi_cfcmple
                0x0000000008000f20                __aeabi_cfcmpeq
                0x0000000008000f30                __aeabi_fcmpeq
                0x0000000008000f44                __aeabi_fcmplt
                0x0000000008000f58                __aeabi_fcmple
                0x0000000008000f6c                __aeabi_fcmpge
                0x0000000008000f80                __aeabi_fcmpgt
 .text          0x0000000008000f94       0x40 /opt/toolchains/zephyr-sdk-0.16.1/arm-zephyr-eabi/bin/../lib/gcc/arm-zephyr-eabi/12.2.0/thumb/v7e-m/nofp/libgcc.a(_arm_fixunssfsi.o)
                0x0000000008000f94                __aeabi_f2uiz
                0x0000000008000f94                __fixunssfsi
 .text          0x0000000008000fd4       0xa0 /opt/toolchains/zephyr-sdk-0.16.1/arm-zephyr-eabi/bin/../lib/gcc/arm-zephyr-eabi/12.2.0/thumb/v7e-m/nofp/libgcc.a(_aeabi_ldivmod.o)
                0x0000000008000fd4                __aeabi_ldivmod
 .text          0x0000000008001074       0x30 /opt/toolchains/zephyr-sdk-0.16.1/arm-zephyr-eabi/bin/../lib/gcc/arm-zephyr-eabi/12.2.0/thumb/v7e-m/nofp/libgcc.a(_aeabi_uldivmod.o)
                0x0000000008001074                __aeabi_uldivmod
 .text          0x00000000080010a4        0x4 /opt/toolchains/zephyr-sdk-0.16.1/arm-zephyr-eabi/bin/../lib/gcc/arm-zephyr-eabi/12.2.0/thumb/v7e-m/nofp/libgcc.a(_dvmd_tls.o)
                0x00000000080010a4                __aeabi_ldiv0
                0x00000000080010a4                __aeabi_idiv0
 .text          0x00000000080010a8      0x110 /opt/toolchains/zephyr-sdk-0.16.1/arm-zephyr-eabi/bin/../lib/gcc/arm-zephyr-eabi/12.2.0/thumb/v7e-m/nofp/libgcc.a(_arm_cmpdf2.o)
                0x00000000080010a8                __gtdf2
                0x00000000080010a8                __gedf2
                0x00000000080010b0                __ltdf2
                0x00000000080010b0                __ledf2
                0x00000000080010b8                __cmpdf2
                0x00000000080010b8                __eqdf2
                0x00000000080010b8                __nedf2
                0x0000000008001134                __aeabi_cdrcmple
                0x0000000008001144                __aeabi_cdcmple
                0x0000000008001144                __aeabi_cdcmpeq
                0x0000000008001154                __aeabi_dcmpeq
                0x0000000008001168                __aeabi_dcmplt
                0x000000000800117c                __aeabi_dcmple
                0x0000000008001190                __aeabi_dcmpge
                0x00000000080011a4                __aeabi_dcmpgt
 .text          0x00000000080011b8      0x2a0 /opt/toolchains/zephyr-sdk-0.16.1/arm-zephyr-eabi/bin/../lib/gcc/arm-zephyr-eabi/12.2.0/thumb/v7e-m/nofp/libgcc.a(_udivmoddi4.o)
                0x00000000080011b8                __udivmoddi4
 .text          0x0000000008001458       0x14 /opt/toolchains/zephyr-sdk-0.16.1/arm-zephyr-eabi/bin/../lib/gcc/../../picolibc/arm-zephyr-eabi/lib/thumb/v7e-m/nofp/libc.a(strcmp.S.o)
                0x0000000008001458                strcmp
 .text          0x000000000800146c       0x10 /opt/toolchains/zephyr-sdk-0.16.1/arm-zephyr-eabi/bin/../lib/gcc/../../picolibc/arm-zephyr-eabi/lib/thumb/v7e-m/nofp/libc.a(strcpy.S.o)
                0x000000000800146c                strcpy
 .text          0x000000000800147c       0x10 /opt/toolchains/zephyr-sdk-0.16.1/arm-zephyr-eabi/bin/../lib/gcc/../../picolibc/arm-zephyr-eabi/lib/thumb/v7e-m/nofp/libc.a(strlen.S.o)
                0x000000000800147c                strlen
 *(SORT_BY_ALIGNMENT(.text.*))
 *fill*         0x000000000800148c        0x4 
 .text.set_pwm_percent
                0x0000000008001490      0x1bc app/libapp.a(motor.c.obj)
                0x0000000008001490                set_pwm_percent
 *fill*         0x000000000800164c        0x4 
 .text.set_fan_percent
                0x0000000008001650       0xd4 app/libapp.a(motor.c.obj)
                0x0000000008001650                set_fan_percent
 *fill*         0x0000000008001724        0x4 
 .text.cmd_kernel_uptime
                0x0000000008001728       0xe8 zephyr/libzephyr.a(kernel_service.c.obj)
 .text.pwm_set  0x0000000008001810       0x9c zephyr/drivers/pwm/libdrivers__pwm.a(pwm_shell.c.obj)
 .text.uart_poll_out.constprop.0
                0x00000000080018ac       0x10 app/libapp.a(sensor.c.obj)
 .text.sensor_handle
                0x00000000080018bc      0x268 app/libapp.a(sensor.c.obj)
 .text.sensor_init
                0x0000000008001b24       0x38 app/libapp.a(sensor.c.obj)
                0x0000000008001b24                sensor_init
 .text.serial_callback
                0x0000000008001b5c       0x94 app/libapp.a(tach.c.obj)
                0x0000000008001b5c                serial_callback
 .text.tach_handle
                0x0000000008001bf0      0x1a8 app/libapp.a(tach.c.obj)
 .text.tach_handle_init
                0x0000000008001d98       0x38 app/libapp.a(tach.c.obj)
                0x0000000008001d98                tach_handle_init
 .text.uart_handle
                0x0000000008001dd0      0x23c app/libapp.a(uart_handle.c.obj)
 .text.serial_cb
                0x000000000800200c       0x9c app/libapp.a(uart_handle.c.obj)
                0x000000000800200c                serial_cb
 .text.uart_handle_init
                0x00000000080020a8       0x38 app/libapp.a(uart_handle.c.obj)
                0x00000000080020a8                uart_handle_init
 .text.cmd_set_fan
                0x00000000080020e0       0x34 app/libapp.a(shell.c.obj)
 .text.pwm_device_init
                0x0000000008002114       0xd8 app/libapp.a(motor.c.obj)
                0x0000000008002114                pwm_device_init
 .text.set_valve_active
                0x00000000080021ec      0x220 app/libapp.a(valve.c.obj)
                0x00000000080021ec                set_valve_active
 .text.valve_init
                0x000000000800240c       0xcc app/libapp.a(valve.c.obj)
                0x000000000800240c                valve_init
 .text.main     0x00000000080024d8       0x40 app/libapp.a(main.c.obj)
                0x00000000080024d8                main
 .text.getopt   0x0000000008002518      0x150 zephyr/libzephyr.a(getopt.c.obj)
                0x0000000008002518                getopt
 .text.z_getopt_global_state_update
                0x0000000008002668       0x34 zephyr/libzephyr.a(getopt_common.c.obj)
                0x0000000008002668                z_getopt_global_state_update
 .text.getopt_state_get
                0x000000000800269c        0x8 zephyr/libzephyr.a(getopt_common.c.obj)
                0x000000000800269c                getopt_state_get
 .text.cbvprintf_package
                0x00000000080026a4      0x3a4 zephyr/libzephyr.a(cbprintf_packaged.c.obj)
                0x00000000080026a4                cbvprintf_package
 .text.cbprintf_package_convert
                0x0000000008002a48      0x3b8 zephyr/libzephyr.a(cbprintf_packaged.c.obj)
                0x0000000008002a48                cbprintf_package_convert
 .text.__printk_hook_install
                0x0000000008002e00        0xc zephyr/libzephyr.a(printk.c.obj)
                0x0000000008002e00                __printk_hook_install
 .text.z_thread_entry
                0x0000000008002e0c       0x34 zephyr/libzephyr.a(thread_entry.c.obj)
                0x0000000008002e0c                z_thread_entry
 .text.activate_foreach_backend
                0x0000000008002e40       0x64 zephyr/libzephyr.a(log_core.c.obj)
 .text.enable_logger
                0x0000000008002ea4       0x5c zephyr/libzephyr.a(log_core.c.obj)
 .text.log_process_thread_timer_expiry_fn
                0x0000000008002f00        0xc zephyr/libzephyr.a(log_core.c.obj)
 .text.z_log_init
                0x0000000008002f0c       0x8c zephyr/libzephyr.a(log_core.c.obj)
 .text.log_set_timestamp_func
                0x0000000008002f98       0x20 zephyr/libzephyr.a(log_core.c.obj)
                0x0000000008002f98                log_set_timestamp_func
 .text.z_log_notify_backend_enabled
                0x0000000008002fb8       0x1c zephyr/libzephyr.a(log_core.c.obj)
                0x0000000008002fb8                z_log_notify_backend_enabled
 .text.z_log_dropped
                0x0000000008002fd4       0x30 zephyr/libzephyr.a(log_core.c.obj)
                0x0000000008002fd4                z_log_dropped
 .text.z_log_dropped_read_and_clear
                0x0000000008003004       0x20 zephyr/libzephyr.a(log_core.c.obj)
                0x0000000008003004                z_log_dropped_read_and_clear
 .text.dropped_notify
                0x0000000008003024       0x30 zephyr/libzephyr.a(log_core.c.obj)
                0x0000000008003024                dropped_notify
 .text.z_log_msg_init
                0x0000000008003054       0x20 zephyr/libzephyr.a(log_core.c.obj)
                0x0000000008003054                z_log_msg_init
 .text.log_core_init
                0x0000000008003074       0x38 zephyr/libzephyr.a(log_core.c.obj)
                0x0000000008003074                log_core_init
 .text.z_log_msg_alloc
                0x00000000080030ac       0x10 zephyr/libzephyr.a(log_core.c.obj)
                0x00000000080030ac                z_log_msg_alloc
 .text.z_log_msg_local_claim
                0x00000000080030bc        0xc zephyr/libzephyr.a(log_core.c.obj)
                0x00000000080030bc                z_log_msg_local_claim
 .text.z_log_msg_free
                0x00000000080030c8       0x10 zephyr/libzephyr.a(log_core.c.obj)
                0x00000000080030c8                z_log_msg_free
 .text.z_log_msg_pending
                0x00000000080030d8        0xc zephyr/libzephyr.a(log_core.c.obj)
                0x00000000080030d8                z_log_msg_pending
 .text.z_impl_log_process
                0x00000000080030e4       0xe4 zephyr/libzephyr.a(log_core.c.obj)
                0x00000000080030e4                z_impl_log_process
 .text.z_impl_log_panic
                0x00000000080031c8       0x44 zephyr/libzephyr.a(log_core.c.obj)
                0x00000000080031c8                z_impl_log_panic
 .text.log_process_thread_func
                0x000000000800320c       0x90 zephyr/libzephyr.a(log_core.c.obj)
 .text.z_log_msg_post_finalize
                0x000000000800329c       0x60 zephyr/libzephyr.a(log_core.c.obj)
 .text.z_log_msg_commit
                0x00000000080032fc       0x24 zephyr/libzephyr.a(log_core.c.obj)
                0x00000000080032fc                z_log_msg_commit
 .text.z_log_get_tag
                0x0000000008003320        0x8 zephyr/libzephyr.a(log_core.c.obj)
                0x0000000008003320                z_log_get_tag
 .text.log_mem_get_usage
                0x0000000008003328       0x14 zephyr/libzephyr.a(log_core.c.obj)
                0x0000000008003328                log_mem_get_usage
 .text.log_mem_get_max_usage
                0x000000000800333c        0xc zephyr/libzephyr.a(log_core.c.obj)
                0x000000000800333c                log_mem_get_max_usage
 .text.log_src_cnt_get
                0x0000000008003348       0x14 zephyr/libzephyr.a(log_mgmt.c.obj)
                0x0000000008003348                log_src_cnt_get
 .text.log_source_name_get
                0x000000000800335c       0x1c zephyr/libzephyr.a(log_mgmt.c.obj)
                0x000000000800335c                log_source_name_get
 .text.z_log_runtime_filters_init
                0x0000000008003378       0x3c zephyr/libzephyr.a(log_mgmt.c.obj)
                0x0000000008003378                z_log_runtime_filters_init
 .text.log_source_id_get
                0x00000000080033b4       0x38 zephyr/libzephyr.a(log_mgmt.c.obj)
                0x00000000080033b4                log_source_id_get
 .text.z_impl_log_filter_set
                0x00000000080033ec       0xac zephyr/libzephyr.a(log_mgmt.c.obj)
                0x00000000080033ec                z_impl_log_filter_set
 .text.backend_filter_set
                0x0000000008003498       0x30 zephyr/libzephyr.a(log_mgmt.c.obj)
 .text.log_backend_enable
                0x00000000080034c8       0x34 zephyr/libzephyr.a(log_mgmt.c.obj)
                0x00000000080034c8                log_backend_enable
 .text.log_filter_get
                0x00000000080034fc       0x44 zephyr/libzephyr.a(log_mgmt.c.obj)
                0x00000000080034fc                log_filter_get
 .text.z_impl_z_log_msg_static_create
                0x0000000008003540      0x110 zephyr/libzephyr.a(log_msg.c.obj)
                0x0000000008003540                z_impl_z_log_msg_static_create
 .text.z_impl_z_log_msg_runtime_vcreate
                0x0000000008003650       0x8c zephyr/libzephyr.a(log_msg.c.obj)
                0x0000000008003650                z_impl_z_log_msg_runtime_vcreate
 .text.print_formatted
                0x00000000080036dc       0x24 zephyr/libzephyr.a(log_output.c.obj)
 .text.newline_print
                0x0000000008003700       0x1c zephyr/libzephyr.a(log_output.c.obj)
 .text.log_output_process
                0x000000000800371c      0x2a8 zephyr/libzephyr.a(log_output.c.obj)
                0x000000000800371c                log_output_process
 .text.log_output_msg_process
                0x00000000080039c4       0x70 zephyr/libzephyr.a(log_output.c.obj)
                0x00000000080039c4                log_output_msg_process
 .text.log_output_dropped_process
                0x0000000008003a34       0x58 zephyr/libzephyr.a(log_output.c.obj)
                0x0000000008003a34                log_output_dropped_process
 .text.log_output_timestamp_freq_set
                0x0000000008003a8c       0x2c zephyr/libzephyr.a(log_output.c.obj)
                0x0000000008003a8c                log_output_timestamp_freq_set
 .text.severity_lvl_get
                0x0000000008003ab8       0x24 zephyr/libzephyr.a(log_cmds.c.obj)
 .text.backend_name_get
                0x0000000008003adc       0x30 zephyr/libzephyr.a(log_cmds.c.obj)
 .text.module_name_get
                0x0000000008003b0c       0x20 zephyr/libzephyr.a(log_cmds.c.obj)
 .text.cmd_log_backends_list
                0x0000000008003b2c       0x54 zephyr/libzephyr.a(log_cmds.c.obj)
 .text.log_status
                0x0000000008003b80       0xa8 zephyr/libzephyr.a(log_cmds.c.obj)
 .text.shell_backend_cmd_execute
                0x0000000008003c28       0x64 zephyr/libzephyr.a(log_cmds.c.obj)
 .text.cmd_log_backend_status
                0x0000000008003c8c       0x10 zephyr/libzephyr.a(log_cmds.c.obj)
 .text.cmd_log_backend_halt
                0x0000000008003c9c        0xc zephyr/libzephyr.a(log_cmds.c.obj)
 .text.cmd_log_backend_go
                0x0000000008003ca8        0xc zephyr/libzephyr.a(log_cmds.c.obj)
 .text.cmd_log_backend_enable
                0x0000000008003cb4        0xc zephyr/libzephyr.a(log_cmds.c.obj)
 .text.cmd_log_backend_disable
                0x0000000008003cc0        0xc zephyr/libzephyr.a(log_cmds.c.obj)
 .text.cmd_log_mem
                0x0000000008003ccc       0x84 zephyr/libzephyr.a(log_cmds.c.obj)
 .text.shell_state_precheck
                0x0000000008003d50       0x20 zephyr/libzephyr.a(log_cmds.c.obj)
 .text.filters_set
                0x0000000008003d70       0xdc zephyr/libzephyr.a(log_cmds.c.obj)
 .text.log_enable
                0x0000000008003e4c       0x60 zephyr/libzephyr.a(log_cmds.c.obj)
 .text.mem_attr_get_regions
                0x0000000008003eac        0xc zephyr/libzephyr.a(mem_attr.c.obj)
                0x0000000008003eac                mem_attr_get_regions
 .text.cmd_kernel_version
                0x0000000008003eb8       0x2c zephyr/libzephyr.a(kernel_service.c.obj)
 .text.cmd_kernel_threads
                0x0000000008003ee4       0x38 zephyr/libzephyr.a(kernel_service.c.obj)
 .text.shell_tdata_dump
                0x0000000008003f1c       0xd0 zephyr/libzephyr.a(kernel_service.c.obj)
 .text.cmd_kernel_stacks
                0x0000000008003fec       0x74 zephyr/libzephyr.a(kernel_service.c.obj)
 .text.cmd_kernel_cycles
                0x0000000008004060       0x1c zephyr/libzephyr.a(kernel_service.c.obj)
 .text.cmd_kernel_log_level_set
                0x000000000800407c       0x80 zephyr/libzephyr.a(kernel_service.c.obj)
 .text.cmd_kernel_sleep
                0x00000000080040fc       0x40 zephyr/libzephyr.a(kernel_service.c.obj)
 .text.shell_stack_dump
                0x000000000800413c       0x64 zephyr/libzephyr.a(kernel_service.c.obj)
 .text.cmd_device_list
                0x00000000080041a0       0x8c zephyr/libzephyr.a(device_service.c.obj)
 .text.cmd_devmem
                0x000000000800422c       0xcc zephyr/libzephyr.a(devmem_service.c.obj)
 .text.cmd_dump
                0x00000000080042f8      0x190 zephyr/libzephyr.a(devmem_service.c.obj)
 .text.set_bypass.isra.0
                0x0000000008004488       0x50 zephyr/libzephyr.a(devmem_service.c.obj)
 .text.bypass_cb
                0x00000000080044d8      0x118 zephyr/libzephyr.a(devmem_service.c.obj)
 .text.cmd_load
                0x00000000080045f0       0xd8 zephyr/libzephyr.a(devmem_service.c.obj)
 .text.enable_shell_uart
                0x00000000080046c8       0x38 zephyr/libzephyr.a(shell_uart.c.obj)
 .text.init     0x0000000008004700       0x58 zephyr/libzephyr.a(shell_uart.c.obj)
 .text.uart_callback
                0x0000000008004758      0x10c zephyr/libzephyr.a(shell_uart.c.obj)
 .text.shell_internal_help_print
                0x0000000008004864       0x20 zephyr/libzephyr.a(shell.c.obj)
 .text.kill_handler
                0x0000000008004884       0x58 zephyr/libzephyr.a(shell.c.obj)
 .text.z_cursor_next_line_move.isra.0
                0x00000000080048dc        0xc zephyr/libzephyr.a(shell.c.obj)
 .text.history_handle
                0x00000000080048e8       0xa8 zephyr/libzephyr.a(shell.c.obj)
 .text.execute  0x0000000008004990      0x2c0 zephyr/libzephyr.a(shell.c.obj)
 .text.state_set.constprop.0
                0x0000000008004c50       0x4c zephyr/libzephyr.a(shell.c.obj)
 .text.shell_process
                0x0000000008004c9c      0x6c8 zephyr/libzephyr.a(shell.c.obj)
                0x0000000008004c9c                shell_process
 .text.shell_init
                0x0000000008005364       0xf8 zephyr/libzephyr.a(shell.c.obj)
                0x0000000008005364                shell_init
 .text.shell_start
                0x000000000800545c       0x54 zephyr/libzephyr.a(shell.c.obj)
                0x000000000800545c                shell_start
 .text.shell_thread
                0x00000000080054b0       0xc8 zephyr/libzephyr.a(shell.c.obj)
                0x00000000080054b0                shell_thread
 .text.cmd_help
                0x0000000008005578       0x4c zephyr/libzephyr.a(shell.c.obj)
 .text.shell_hexdump_line
                0x00000000080055c4       0xe8 zephyr/libzephyr.a(shell.c.obj)
                0x00000000080055c4                shell_hexdump_line
 .text.z_shell_fprintf_fmt
                0x00000000080056ac       0x28 zephyr/libzephyr.a(shell_fprintf.c.obj)
                0x00000000080056ac                z_shell_fprintf_fmt
 .text.z_shell_make_argv
                0x00000000080056d4      0x1b8 zephyr/libzephyr.a(shell_utils.c.obj)
                0x00000000080056d4                z_shell_make_argv
 .text.z_shell_cmd_get
                0x000000000800588c       0x74 zephyr/libzephyr.a(shell_utils.c.obj)
                0x000000000800588c                z_shell_cmd_get
 .text.z_shell_spaces_trim
                0x0000000008005900       0x6c zephyr/libzephyr.a(shell_utils.c.obj)
                0x0000000008005900                z_shell_spaces_trim
 .text.z_shell_cmd_trim
                0x000000000800596c       0x70 zephyr/libzephyr.a(shell_utils.c.obj)
                0x000000000800596c                z_shell_cmd_trim
 .text.shell_strtoul
                0x00000000080059dc       0x54 zephyr/libzephyr.a(shell_utils.c.obj)
                0x00000000080059dc                shell_strtoul
 .text.z_clear_eos
                0x0000000008005a30       0x18 zephyr/libzephyr.a(shell_ops.c.obj)
 .text.z_cursor_next_line_move.isra.0
                0x0000000008005a48        0xc zephyr/libzephyr.a(shell_ops.c.obj)
 .text.z_shell_op_cursor_vert_move
                0x0000000008005a54       0x2c zephyr/libzephyr.a(shell_ops.c.obj)
                0x0000000008005a54                z_shell_op_cursor_vert_move
 .text.z_shell_op_cursor_horiz_move
                0x0000000008005a80       0x2c zephyr/libzephyr.a(shell_ops.c.obj)
                0x0000000008005a80                z_shell_op_cursor_horiz_move
 .text.z_shell_op_cursor_word_move
                0x0000000008005aac       0x78 zephyr/libzephyr.a(shell_ops.c.obj)
                0x0000000008005aac                z_shell_op_cursor_word_move
 .text.z_shell_print_cmd
                0x0000000008005b24       0x78 zephyr/libzephyr.a(shell_ops.c.obj)
                0x0000000008005b24                z_shell_print_cmd
 .text.z_shell_vt100_color_set
                0x0000000008005b9c       0x40 zephyr/libzephyr.a(shell_ops.c.obj)
                0x0000000008005b9c                z_shell_vt100_color_set
 .text.z_shell_vt100_colors_restore
                0x0000000008005bdc       0x3c zephyr/libzephyr.a(shell_ops.c.obj)
                0x0000000008005bdc                z_shell_vt100_colors_restore
 .text.z_shell_op_word_remove
                0x0000000008005c18       0xc0 zephyr/libzephyr.a(shell_ops.c.obj)
                0x0000000008005c18                z_shell_op_word_remove
 .text.reprint_from_cursor
                0x0000000008005cd8       0x74 zephyr/libzephyr.a(shell_ops.c.obj)
 .text.z_shell_op_char_insert
                0x0000000008005d4c       0x6c zephyr/libzephyr.a(shell_ops.c.obj)
                0x0000000008005d4c                z_shell_op_char_insert
 .text.z_shell_print_prompt_and_cmd
                0x0000000008005db8       0x30 zephyr/libzephyr.a(shell_ops.c.obj)
                0x0000000008005db8                z_shell_print_prompt_and_cmd
 .text.z_cursor_next_line_move.isra.0
                0x0000000008005de8        0xc zephyr/libzephyr.a(shell_help.c.obj)
 .text.formatted_text_print.constprop.0
                0x0000000008005df4       0xe4 zephyr/libzephyr.a(shell_help.c.obj)
 .text.z_shell_help_subcmd_print
                0x0000000008005ed8       0xb4 zephyr/libzephyr.a(shell_help.c.obj)
                0x0000000008005ed8                z_shell_help_subcmd_print
 .text.z_shell_help_cmd_print
                0x0000000008005f8c       0x40 zephyr/libzephyr.a(shell_help.c.obj)
                0x0000000008005f8c                z_shell_help_cmd_print
 .text.z_shell_help_request
                0x0000000008005fcc       0x28 zephyr/libzephyr.a(shell_help.c.obj)
                0x0000000008005fcc                z_shell_help_request
 .text.cmd_resize_default
                0x0000000008005ff4       0x2c zephyr/libzephyr.a(shell_cmds.c.obj)
 .text.cmd_shell_stats_show
                0x0000000008006020       0x18 zephyr/libzephyr.a(shell_cmds.c.obj)
 .text.cmd_backends
                0x0000000008006038       0x50 zephyr/libzephyr.a(shell_cmds.c.obj)
 .text.cmd_prompt_off
                0x0000000008006088       0x10 zephyr/libzephyr.a(shell_cmds.c.obj)
 .text.cmd_history
                0x0000000008006098       0x44 zephyr/libzephyr.a(shell_cmds.c.obj)
 .text.cmd_get_retval
                0x00000000080060dc       0x1c zephyr/libzephyr.a(shell_cmds.c.obj)
 .text.cmd_echo
                0x00000000080060f8       0x58 zephyr/libzephyr.a(shell_cmds.c.obj)
 .text.cmd_clear
                0x0000000008006150       0x34 zephyr/libzephyr.a(shell_cmds.c.obj)
 .text.cmd_resize
                0x0000000008006184      0x1a8 zephyr/libzephyr.a(shell_cmds.c.obj)
 .text.z_shell_wildcard_process
                0x000000000800632c       0xe4 zephyr/libzephyr.a(shell_wildcard.c.obj)
                0x000000000800632c                z_shell_wildcard_process
 .text.z_arm_fatal_error
                0x0000000008006410       0xec zephyr/arch/arch/arm/core/libarch__arm__core.a(fatal.c.obj)
                0x0000000008006410                z_arm_fatal_error
 .text.z_SysNmiOnReset
                0x00000000080064fc        0x8 zephyr/arch/arch/arm/core/libarch__arm__core.a(nmi_on_reset.S.obj)
                0x00000000080064fc                z_SysNmiOnReset
 .text.arch_tls_stack_setup
                0x0000000008006504       0x60 zephyr/arch/arch/arm/core/libarch__arm__core.a(tls.c.obj)
                0x0000000008006504                arch_tls_stack_setup
 .text._HandlerModeExit
                0x0000000008006564       0x1c zephyr/arch/arch/arm/core/cortex_m/libarch__arm__core__cortex_m.a(exc_exit.S.obj)
                0x0000000008006564                z_arm_exc_exit
                0x0000000008006564                z_arm_int_exit
 .text.bus_fault.constprop.0
                0x0000000008006580      0x18c zephyr/arch/arch/arm/core/cortex_m/libarch__arm__core__cortex_m.a(fault.c.obj)
 .text.usage_fault.constprop.0
                0x000000000800670c      0x134 zephyr/arch/arch/arm/core/cortex_m/libarch__arm__core__cortex_m.a(fault.c.obj)
 .text.mem_manage_fault
                0x0000000008006840      0x1a8 zephyr/arch/arch/arm/core/cortex_m/libarch__arm__core__cortex_m.a(fault.c.obj)
 .text.z_arm_fault
                0x00000000080069e8      0x274 zephyr/arch/arch/arm/core/cortex_m/libarch__arm__core__cortex_m.a(fault.c.obj)
                0x00000000080069e8                z_arm_fault
 .text.z_arm_fault_init
                0x0000000008006c5c       0x10 zephyr/arch/arch/arm/core/cortex_m/libarch__arm__core__cortex_m.a(fault.c.obj)
                0x0000000008006c5c                z_arm_fault_init
 .text.__fault  0x0000000008006c6c       0x14 zephyr/arch/arch/arm/core/cortex_m/libarch__arm__core__cortex_m.a(fault_s.S.obj)
                0x0000000008006c6c                z_arm_bus_fault
                0x0000000008006c6c                z_arm_usage_fault
                0x0000000008006c6c                z_arm_mpu_fault
                0x0000000008006c6c                z_arm_exc_spurious
                0x0000000008006c6c                z_arm_debug_monitor
                0x0000000008006c6c                z_arm_hard_fault
 .text.z_arm_interrupt_init
                0x0000000008006c80       0x18 zephyr/arch/arch/arm/core/cortex_m/libarch__arm__core__cortex_m.a(irq_init.c.obj)
                0x0000000008006c80                z_arm_interrupt_init
 .text._reset_section
                0x0000000008006c98       0x38 zephyr/arch/arch/arm/core/cortex_m/libarch__arm__core__cortex_m.a(reset.S.obj)
                0x0000000008006c98                z_arm_reset
                0x0000000008006c98                __start
 .text.z_impl_k_thread_abort
                0x0000000008006cd0       0x2c zephyr/arch/arch/arm/core/cortex_m/libarch__arm__core__cortex_m.a(thread_abort.c.obj)
                0x0000000008006cd0                z_impl_k_thread_abort
 .text.arch_swap
                0x0000000008006cfc       0x38 zephyr/arch/arch/arm/core/cortex_m/libarch__arm__core__cortex_m.a(swap.c.obj)
                0x0000000008006cfc                arch_swap
 .text.z_arm_pendsv
                0x0000000008006d34       0x68 zephyr/arch/arch/arm/core/cortex_m/libarch__arm__core__cortex_m.a(swap_helper.S.obj)
                0x0000000008006d34                z_arm_pendsv
 .text.z_arm_svc
                0x0000000008006d9c       0x20 zephyr/arch/arch/arm/core/cortex_m/libarch__arm__core__cortex_m.a(swap_helper.S.obj)
                0x0000000008006d9c                z_arm_svc
 .text.arch_irq_enable
                0x0000000008006dbc       0x1c zephyr/arch/arch/arm/core/cortex_m/libarch__arm__core__cortex_m.a(irq_manage.c.obj)
                0x0000000008006dbc                arch_irq_enable
 .text.z_arm_irq_priority_set
                0x0000000008006dd8       0x30 zephyr/arch/arch/arm/core/cortex_m/libarch__arm__core__cortex_m.a(irq_manage.c.obj)
                0x0000000008006dd8                z_arm_irq_priority_set
 .text.z_arm_prep_c
                0x0000000008006e08       0x48 zephyr/arch/arch/arm/core/cortex_m/libarch__arm__core__cortex_m.a(prep_c.c.obj)
                0x0000000008006e08                z_arm_prep_c
 .text.arch_new_thread
                0x0000000008006e50       0x38 zephyr/arch/arch/arm/core/cortex_m/libarch__arm__core__cortex_m.a(thread.c.obj)
                0x0000000008006e50                arch_new_thread
 .text.z_check_thread_stack_fail
                0x0000000008006e88       0x30 zephyr/arch/arch/arm/core/cortex_m/libarch__arm__core__cortex_m.a(thread.c.obj)
                0x0000000008006e88                z_check_thread_stack_fail
 .text.arch_switch_to_main_thread
                0x0000000008006eb8       0x38 zephyr/arch/arch/arm/core/cortex_m/libarch__arm__core__cortex_m.a(thread.c.obj)
                0x0000000008006eb8                arch_switch_to_main_thread
 .text.z_arm_cpu_idle_init
                0x0000000008006ef0        0xc zephyr/arch/arch/arm/core/cortex_m/libarch__arm__core__cortex_m.a(cpu_idle.S.obj)
                0x0000000008006ef0                z_arm_cpu_idle_init
 .text.arch_cpu_idle
                0x0000000008006efc       0x1c zephyr/arch/arch/arm/core/cortex_m/libarch__arm__core__cortex_m.a(cpu_idle.S.obj)
                0x0000000008006efc                arch_cpu_idle
 .text._isr_wrapper
                0x0000000008006f18       0x28 zephyr/arch/arch/arm/core/cortex_m/libarch__arm__core__cortex_m.a(isr_wrapper.S.obj)
                0x0000000008006f18                _isr_wrapper
 .text.z_arm_configure_static_mpu_regions
                0x0000000008006f40       0x18 zephyr/arch/arch/arm/core/mpu/libarch__arm__core__mpu.a(arm_core_mpu.c.obj)
                0x0000000008006f40                z_arm_configure_static_mpu_regions
 .text.z_arm_configure_dynamic_mpu_regions
                0x0000000008006f58       0x24 zephyr/arch/arch/arm/core/mpu/libarch__arm__core__mpu.a(arm_core_mpu.c.obj)
                0x0000000008006f58                z_arm_configure_dynamic_mpu_regions
 .text.region_init
                0x0000000008006f7c       0x28 zephyr/arch/arch/arm/core/mpu/libarch__arm__core__mpu.a(arm_mpu.c.obj)
 .text.region_allocate_and_init.part.0
                0x0000000008006fa4       0x3c zephyr/arch/arch/arm/core/mpu/libarch__arm__core__mpu.a(arm_mpu.c.obj)
 .text.mpu_configure_regions
                0x0000000008006fe0       0xa4 zephyr/arch/arch/arm/core/mpu/libarch__arm__core__mpu.a(arm_mpu.c.obj)
 .text.arm_core_mpu_enable
                0x0000000008007084       0x18 zephyr/arch/arch/arm/core/mpu/libarch__arm__core__mpu.a(arm_mpu.c.obj)
                0x0000000008007084                arm_core_mpu_enable
 .text.arm_core_mpu_disable
                0x000000000800709c       0x14 zephyr/arch/arch/arm/core/mpu/libarch__arm__core__mpu.a(arm_mpu.c.obj)
                0x000000000800709c                arm_core_mpu_disable
 .text.arm_core_mpu_configure_static_mpu_regions
                0x00000000080070b0       0x14 zephyr/arch/arch/arm/core/mpu/libarch__arm__core__mpu.a(arm_mpu.c.obj)
                0x00000000080070b0                arm_core_mpu_configure_static_mpu_regions
 .text.arm_core_mpu_configure_dynamic_mpu_regions
                0x00000000080070c4       0x30 zephyr/arch/arch/arm/core/mpu/libarch__arm__core__mpu.a(arm_mpu.c.obj)
                0x00000000080070c4                arm_core_mpu_configure_dynamic_mpu_regions
 .text.z_arm_mpu_init
                0x00000000080070f4      0x154 zephyr/arch/arch/arm/core/mpu/libarch__arm__core__mpu.a(arm_mpu.c.obj)
                0x00000000080070f4                z_arm_mpu_init
 .text.z_impl_zephyr_fputc
                0x0000000008007248       0x10 zephyr/lib/libc/picolibc/liblib__libc__picolibc.a(libc-hooks.c.obj)
                0x0000000008007248                z_impl_zephyr_fputc
 .text.__stdout_hook_install
                0x0000000008007258       0x18 zephyr/lib/libc/picolibc/liblib__libc__picolibc.a(libc-hooks.c.obj)
                0x0000000008007258                __stdout_hook_install
 .text.cbvprintf
                0x0000000008007270       0x38 zephyr/lib/libc/picolibc/liblib__libc__picolibc.a(libc-hooks.c.obj)
                0x0000000008007270                cbvprintf
 .text.malloc_prepare
                0x00000000080072a8       0x24 zephyr/lib/libc/common/liblib__libc__common.a(malloc.c.obj)
 .text.foldcase
                0x00000000080072cc       0x18 zephyr/lib/posix/liblib__posix.a(fnmatch.c.obj)
 .text.gd32_exti_isr
                0x00000000080072e4       0x4c zephyr/drivers/interrupt_controller/libdrivers__interrupt_controller.a(intc_gd32_exti.c.obj)
 .text.gd32_exti_enable
                0x0000000008007330       0x20 zephyr/drivers/interrupt_controller/libdrivers__interrupt_controller.a(intc_gd32_exti.c.obj)
                0x0000000008007330                gd32_exti_enable
 .text.gd32_exti_disable
                0x0000000008007350       0x18 zephyr/drivers/interrupt_controller/libdrivers__interrupt_controller.a(intc_gd32_exti.c.obj)
                0x0000000008007350                gd32_exti_disable
 .text.gd32_exti_trigger
                0x0000000008007368       0x34 zephyr/drivers/interrupt_controller/libdrivers__interrupt_controller.a(intc_gd32_exti.c.obj)
                0x0000000008007368                gd32_exti_trigger
 .text.gd32_exti_configure
                0x000000000800739c       0x24 zephyr/drivers/interrupt_controller/libdrivers__interrupt_controller.a(intc_gd32_exti.c.obj)
                0x000000000800739c                gd32_exti_configure
 .text.clock_control_gd32_get_rate
                0x00000000080073c0       0x98 zephyr/drivers/clock_control/libdrivers__clock_control.a(clock_control_gd32.c.obj)
 .text.uart_console_init
                0x0000000008007458       0x28 zephyr/drivers/console/libdrivers__console.a(uart_console.c.obj)
 .text.console_out
                0x0000000008007480       0x28 zephyr/drivers/console/libdrivers__console.a(uart_console.c.obj)
 .text.gpio_gd32_pin_interrupt_configure
                0x00000000080074a8       0xb4 zephyr/drivers/gpio/libdrivers__gpio.a(gpio_gd32.c.obj)
 .text.gpio_gd32_init
                0x000000000800755c       0x30 zephyr/drivers/gpio/libdrivers__gpio.a(gpio_gd32.c.obj)
 .text.pinctrl_configure_pins
                0x000000000800758c       0x90 zephyr/drivers/pinctrl/libdrivers__pinctrl.a(pinctrl_gd32_af.c.obj)
                0x000000000800758c                pinctrl_configure_pins
 .text.pwm_gd32_init
                0x000000000800761c       0x7c zephyr/drivers/pwm/libdrivers__pwm.a(pwm_gd32.c.obj)
 .text.cmd_nsec
                0x0000000008007698       0x90 zephyr/drivers/pwm/libdrivers__pwm.a(pwm_shell.c.obj)
 .text.cmd_cycles
                0x0000000008007728       0x9c zephyr/drivers/pwm/libdrivers__pwm.a(pwm_shell.c.obj)
 .text.cmd_usec
                0x00000000080077c4       0x98 zephyr/drivers/pwm/libdrivers__pwm.a(pwm_shell.c.obj)
 .text.usart_gd32_irq_tx_ready
                0x000000000800785c       0x24 zephyr/drivers/serial/libdrivers__serial.a(usart_gd32.c.obj)
                0x000000000800785c                usart_gd32_irq_tx_ready
 .text.usart_gd32_irq_is_pending
                0x0000000008007880       0x44 zephyr/drivers/serial/libdrivers__serial.a(usart_gd32.c.obj)
                0x0000000008007880                usart_gd32_irq_is_pending
 .text.usart_gd32_init
                0x00000000080078c4       0xa8 zephyr/drivers/serial/libdrivers__serial.a(usart_gd32.c.obj)
 .text.spi_gd32_transceive
                0x000000000800796c      0x3ec zephyr/drivers/spi/libdrivers__spi.a(spi_gd32.c.obj)
 .text.spi_gd32_init
                0x0000000008007d58      0x11c zephyr/drivers/spi/libdrivers__spi.a(spi_gd32.c.obj)
                0x0000000008007d58                spi_gd32_init
 .text.elapsed  0x0000000008007e74       0x4c zephyr/drivers/timer/libdrivers__timer.a(cortex_m_systick.c.obj)
 .text.sys_clock_driver_init
                0x0000000008007ec0       0x38 zephyr/drivers/timer/libdrivers__timer.a(cortex_m_systick.c.obj)
 .text.sys_clock_isr
                0x0000000008007ef8       0x54 zephyr/drivers/timer/libdrivers__timer.a(cortex_m_systick.c.obj)
                0x0000000008007ef8                sys_clock_isr
 .text.sys_clock_set_timeout
                0x0000000008007f4c       0xfc zephyr/drivers/timer/libdrivers__timer.a(cortex_m_systick.c.obj)
                0x0000000008007f4c                sys_clock_set_timeout
 .text.sys_clock_elapsed
                0x0000000008008048       0x3c zephyr/drivers/timer/libdrivers__timer.a(cortex_m_systick.c.obj)
                0x0000000008008048                sys_clock_elapsed
 .text.sys_clock_cycle_get_32
                0x0000000008008084       0x2c zephyr/drivers/timer/libdrivers__timer.a(cortex_m_systick.c.obj)
                0x0000000008008084                sys_clock_cycle_get_32
 .text.SystemInit
                0x00000000080080b0      0x160 modules/hal_gigadevice/libhal_gigadevice.a(system_gd32f4xx.c.obj)
                0x00000000080080b0                SystemInit
 .text.rcu_clock_freq_get
                0x0000000008008210       0xe8 modules/hal_gigadevice/libhal_gigadevice.a(gd32f4xx_rcu.c.obj)
                0x0000000008008210                rcu_clock_freq_get
 .text.usart_baudrate_set
                0x00000000080082f8       0x88 modules/hal_gigadevice/libhal_gigadevice.a(gd32f4xx_usart.c.obj)
                0x00000000080082f8                usart_baudrate_set
 .text.z_impl_k_busy_wait
                0x0000000008008380       0x30 zephyr/kernel/libkernel.a(busy_wait.c.obj)
                0x0000000008008380                z_impl_k_busy_wait
 .text.z_device_get_all_static
                0x00000000080083b0       0x18 zephyr/kernel/libkernel.a(device.c.obj)
                0x00000000080083b0                z_device_get_all_static
 .text.z_impl_device_get_binding
                0x00000000080083c8       0x54 zephyr/kernel/libkernel.a(device.c.obj)
                0x00000000080083c8                z_impl_device_get_binding
 .text.k_sys_fatal_error_handler
                0x000000000800841c       0x34 zephyr/kernel/libkernel.a(fatal.c.obj)
                0x000000000800841c                k_sys_fatal_error_handler
 .text.z_fatal_error
                0x0000000008008450      0x124 zephyr/kernel/libkernel.a(fatal.c.obj)
                0x0000000008008450                z_fatal_error
 .text.z_sys_init_run_level
                0x0000000008008574       0x48 zephyr/kernel/libkernel.a(init.c.obj)
 .text.bg_thread_main
                0x00000000080085bc       0x34 zephyr/kernel/libkernel.a(init.c.obj)
 .text.z_bss_zero
                0x00000000080085f0       0x18 zephyr/kernel/libkernel.a(init.c.obj)
                0x00000000080085f0                z_bss_zero
 .text.z_init_cpu
                0x0000000008008608       0x94 zephyr/kernel/libkernel.a(init.c.obj)
                0x0000000008008608                z_init_cpu
 .text.z_cstart
                0x000000000800869c       0xd8 zephyr/kernel/libkernel.a(init.c.obj)
                0x000000000800869c                z_cstart
 .text.k_thread_foreach
                0x0000000008008774       0x34 zephyr/kernel/libkernel.a(thread.c.obj)
                0x0000000008008774                k_thread_foreach
 .text.z_thread_monitor_exit
                0x00000000080087a8       0x3c zephyr/kernel/libkernel.a(thread.c.obj)
                0x00000000080087a8                z_thread_monitor_exit
 .text.z_impl_k_thread_name_set
                0x00000000080087e4       0x20 zephyr/kernel/libkernel.a(thread.c.obj)
                0x00000000080087e4                z_impl_k_thread_name_set
 .text.k_thread_state_str
                0x0000000008008804       0x9c zephyr/kernel/libkernel.a(thread.c.obj)
                0x0000000008008804                k_thread_state_str
 .text.z_setup_new_thread
                0x00000000080088a0       0xe0 zephyr/kernel/libkernel.a(thread.c.obj)
                0x00000000080088a0                z_setup_new_thread
 .text.z_impl_k_thread_create
                0x0000000008008980       0x58 zephyr/kernel/libkernel.a(thread.c.obj)
                0x0000000008008980                z_impl_k_thread_create
 .text.z_init_static_threads
                0x00000000080089d8       0x98 zephyr/kernel/libkernel.a(thread.c.obj)
                0x00000000080089d8                z_init_static_threads
 .text.sys_kernel_version_get
                0x0000000008008a70        0x8 zephyr/kernel/libkernel.a(version.c.obj)
                0x0000000008008a70                sys_kernel_version_get
 .text.z_impl_k_msgq_put
                0x0000000008008a78       0xac zephyr/kernel/libkernel.a(msg_q.c.obj)
                0x0000000008008a78                z_impl_k_msgq_put
 .text.z_impl_k_msgq_get
                0x0000000008008b24       0xb4 zephyr/kernel/libkernel.a(msg_q.c.obj)
                0x0000000008008b24                z_impl_k_msgq_get
 .text.z_impl_k_mutex_lock
                0x0000000008008bd8       0xf4 zephyr/kernel/libkernel.a(mutex.c.obj)
                0x0000000008008bd8                z_impl_k_mutex_lock
 .text.z_impl_k_mutex_unlock
                0x0000000008008ccc       0x7c zephyr/kernel/libkernel.a(mutex.c.obj)
                0x0000000008008ccc                z_impl_k_mutex_unlock
 .text.z_impl_k_sem_give
                0x0000000008008d48       0x4c zephyr/kernel/libkernel.a(sem.c.obj)
                0x0000000008008d48                z_impl_k_sem_give
 .text.z_impl_k_sem_take
                0x0000000008008d94       0x50 zephyr/kernel/libkernel.a(sem.c.obj)
                0x0000000008008d94                z_impl_k_sem_take
 .text.sliceable
                0x0000000008008de4       0x3c zephyr/kernel/libkernel.a(sched.c.obj)
 .text.slice_timeout
                0x0000000008008e20       0x20 zephyr/kernel/libkernel.a(sched.c.obj)
 .text.z_reset_time_slice
                0x0000000008008e40       0x50 zephyr/kernel/libkernel.a(sched.c.obj)
                0x0000000008008e40                z_reset_time_slice
 .text.update_cache
                0x0000000008008e90       0x3c zephyr/kernel/libkernel.a(sched.c.obj)
 .text.move_thread_to_end_of_prio_q
                0x0000000008008ecc       0x74 zephyr/kernel/libkernel.a(sched.c.obj)
 .text.ready_thread
                0x0000000008008f40       0x68 zephyr/kernel/libkernel.a(sched.c.obj)
 .text.unready_thread
                0x0000000008008fa8       0x30 zephyr/kernel/libkernel.a(sched.c.obj)
 .text.pend_locked
                0x0000000008008fd8       0x30 zephyr/kernel/libkernel.a(sched.c.obj)
 .text.z_time_slice
                0x0000000008009008       0x60 zephyr/kernel/libkernel.a(sched.c.obj)
                0x0000000008009008                z_time_slice
 .text.z_pend_curr
                0x0000000008009068       0x3c zephyr/kernel/libkernel.a(sched.c.obj)
                0x0000000008009068                z_pend_curr
 .text.z_set_prio
                0x00000000080090a4       0x8c zephyr/kernel/libkernel.a(sched.c.obj)
                0x00000000080090a4                z_set_prio
 .text.z_reschedule
                0x0000000008009130       0x24 zephyr/kernel/libkernel.a(sched.c.obj)
                0x0000000008009130                z_reschedule
 .text.z_sched_start
                0x0000000008009154       0x3c zephyr/kernel/libkernel.a(sched.c.obj)
                0x0000000008009154                z_sched_start
 .text.z_impl_k_thread_suspend
                0x0000000008009190       0x64 zephyr/kernel/libkernel.a(sched.c.obj)
                0x0000000008009190                z_impl_k_thread_suspend
 .text.k_sched_lock
                0x00000000080091f4       0x28 zephyr/kernel/libkernel.a(sched.c.obj)
                0x00000000080091f4                k_sched_lock
 .text.k_sched_unlock
                0x000000000800921c       0x38 zephyr/kernel/libkernel.a(sched.c.obj)
                0x000000000800921c                k_sched_unlock
 .text.z_sched_init
                0x0000000008009254       0x10 zephyr/kernel/libkernel.a(sched.c.obj)
                0x0000000008009254                z_sched_init
 .text.z_impl_k_yield
                0x0000000008009264       0x7c zephyr/kernel/libkernel.a(sched.c.obj)
                0x0000000008009264                z_impl_k_yield
 .text.z_tick_sleep
                0x00000000080092e0       0x88 zephyr/kernel/libkernel.a(sched.c.obj)
 .text.z_impl_k_sleep
                0x0000000008009368       0x30 zephyr/kernel/libkernel.a(sched.c.obj)
                0x0000000008009368                z_impl_k_sleep
 .text.z_impl_k_sched_current_thread_query
                0x0000000008009398        0xc zephyr/kernel/libkernel.a(sched.c.obj)
                0x0000000008009398                z_impl_k_sched_current_thread_query
 .text.z_thread_abort
                0x00000000080093a4       0xc8 zephyr/kernel/libkernel.a(sched.c.obj)
                0x00000000080093a4                z_thread_abort
 .text.z_sched_wait
                0x000000000800946c       0x24 zephyr/kernel/libkernel.a(sched.c.obj)
                0x000000000800946c                z_sched_wait
 .text.z_data_copy
                0x0000000008009490       0x34 zephyr/kernel/libkernel.a(xip.c.obj)
                0x0000000008009490                z_data_copy
 .text.elapsed  0x00000000080094c4       0x14 zephyr/kernel/libkernel.a(timeout.c.obj)
 .text.next_timeout
                0x00000000080094d8       0x40 zephyr/kernel/libkernel.a(timeout.c.obj)
 .text.remove_timeout
                0x0000000008009518       0x38 zephyr/kernel/libkernel.a(timeout.c.obj)
 .text.z_add_timeout
                0x0000000008009550       0xec zephyr/kernel/libkernel.a(timeout.c.obj)
                0x0000000008009550                z_add_timeout
 .text.sys_clock_announce
                0x000000000800963c       0xd4 zephyr/kernel/libkernel.a(timeout.c.obj)
                0x000000000800963c                sys_clock_announce
 .text.sys_clock_tick_get
                0x0000000008009710       0x34 zephyr/kernel/libkernel.a(timeout.c.obj)
                0x0000000008009710                sys_clock_tick_get
 .text.z_timer_expiration_handler
                0x0000000008009744       0xe4 zephyr/kernel/libkernel.a(timer.c.obj)
                0x0000000008009744                z_timer_expiration_handler
 .text.z_impl_k_timer_start
                0x0000000008009828       0x60 zephyr/kernel/libkernel.a(timer.c.obj)
                0x0000000008009828                z_impl_k_timer_start
 .text.z_impl_k_poll
                0x0000000008009888       0xb8 zephyr/kernel/libkernel.a(poll.c.obj)
                0x0000000008009888                z_impl_k_poll
 .text.z_impl_k_poll_signal_raise
                0x0000000008009940       0x50 zephyr/kernel/libkernel.a(poll.c.obj)
                0x0000000008009940                z_impl_k_poll_signal_raise
 .text.boot_banner
                0x0000000008009990        0xc zephyr/kernel/libkernel.a(banner.c.obj)
                0x0000000008009990                boot_banner
 .text.statics_init
                0x000000000800999c       0x24 zephyr/kernel/libkernel.a(kheap.c.obj)
 .text.k_sys_work_q_init
                0x00000000080099c0       0x34 zephyr/kernel/libkernel.a(system_work_q.c.obj)
 .text.work_queue_main
                0x00000000080099f4      0x138 zephyr/kernel/libkernel.a(work.c.obj)
 .text.submit_to_queue_locked
                0x0000000008009b2c       0xb4 zephyr/kernel/libkernel.a(work.c.obj)
 .text.k_work_queue_start
                0x0000000008009be0       0x70 zephyr/kernel/libkernel.a(work.c.obj)
                0x0000000008009be0                k_work_queue_start
 .text.puts     0x0000000008009c50       0x40 /opt/toolchains/zephyr-sdk-0.16.1/arm-zephyr-eabi/bin/../lib/gcc/../../picolibc/arm-zephyr-eabi/lib/thumb/v7e-m/nofp/libc.a(libc_tinystdio_puts.c.o)
                0x0000000008009c50                puts
 .text.snprintf
                0x0000000008009c90       0x58 /opt/toolchains/zephyr-sdk-0.16.1/arm-zephyr-eabi/bin/../lib/gcc/../../picolibc/arm-zephyr-eabi/lib/thumb/v7e-m/nofp/libc.a(libc_tinystdio_snprintf.c.o)
                0x0000000008009c90                snprintf
 .text.sprintf  0x0000000008009ce8       0x50 /opt/toolchains/zephyr-sdk-0.16.1/arm-zephyr-eabi/bin/../lib/gcc/../../picolibc/arm-zephyr-eabi/lib/thumb/v7e-m/nofp/libc.a(libc_tinystdio_sprintf.c.o)
                0x0000000008009ce8                sprintf
 .text.sscanf   0x0000000008009d38       0x40 /opt/toolchains/zephyr-sdk-0.16.1/arm-zephyr-eabi/bin/../lib/gcc/../../picolibc/arm-zephyr-eabi/lib/thumb/v7e-m/nofp/libc.a(libc_tinystdio_sscanf.c.o)
                0x0000000008009d38                sscanf
 .text.strtod   0x0000000008009d78      0x2fc /opt/toolchains/zephyr-sdk-0.16.1/arm-zephyr-eabi/bin/../lib/gcc/../../picolibc/arm-zephyr-eabi/lib/thumb/v7e-m/nofp/libc.a(libc_tinystdio_strtod.c.o)
                0x0000000008009d78                strtold
                0x0000000008009d78                strtod
 .text.strtol   0x000000000800a074       0xe0 /opt/toolchains/zephyr-sdk-0.16.1/arm-zephyr-eabi/bin/../lib/gcc/../../picolibc/arm-zephyr-eabi/lib/thumb/v7e-m/nofp/libc.a(libc_tinystdio_strtol.c.o)
                0x000000000800a074                strtol
 .text.strtoul  0x000000000800a154       0xc8 /opt/toolchains/zephyr-sdk-0.16.1/arm-zephyr-eabi/bin/../lib/gcc/../../picolibc/arm-zephyr-eabi/lib/thumb/v7e-m/nofp/libc.a(libc_tinystdio_strtoul.c.o)
                0x000000000800a154                strtoul
 .text.skip_to_arg
                0x000000000800a21c      0x138 /opt/toolchains/zephyr-sdk-0.16.1/arm-zephyr-eabi/bin/../lib/gcc/../../picolibc/arm-zephyr-eabi/lib/thumb/v7e-m/nofp/libc.a(libc_tinystdio_vfprintf.c.o)
 .text.vfprintf
                0x000000000800a354      0xbac /opt/toolchains/zephyr-sdk-0.16.1/arm-zephyr-eabi/bin/../lib/gcc/../../picolibc/arm-zephyr-eabi/lib/thumb/v7e-m/nofp/libc.a(libc_tinystdio_vfprintf.c.o)
                0x000000000800a354                __d_vfprintf
 .text.vfscanf  0x000000000800af00      0x834 /opt/toolchains/zephyr-sdk-0.16.1/arm-zephyr-eabi/bin/../lib/gcc/../../picolibc/arm-zephyr-eabi/lib/thumb/v7e-m/nofp/libc.a(libc_tinystdio_vfscanf.c.o)
                0x000000000800af00                __d_vfscanf
 .text.div10    0x000000000800b734       0x28 /opt/toolchains/zephyr-sdk-0.16.1/arm-zephyr-eabi/bin/../lib/gcc/../../picolibc/arm-zephyr-eabi/lib/thumb/v7e-m/nofp/libc.a(libc_tinystdio_dtoa_ryu.c.o)
 .text.__dtoa_engine
                0x000000000800b75c      0x4a4 /opt/toolchains/zephyr-sdk-0.16.1/arm-zephyr-eabi/bin/../lib/gcc/../../picolibc/arm-zephyr-eabi/lib/thumb/v7e-m/nofp/libc.a(libc_tinystdio_dtoa_ryu.c.o)
                0x000000000800b75c                __dtoa_engine
 .text.__pow5Factor
                0x000000000800bc00       0x30 /opt/toolchains/zephyr-sdk-0.16.1/arm-zephyr-eabi/bin/../lib/gcc/../../picolibc/arm-zephyr-eabi/lib/thumb/v7e-m/nofp/libc.a(libc_tinystdio_ryu_table.c.o)
                0x000000000800bc00                __pow5Factor
 .text.__double_computePow5
                0x000000000800bc30       0xe8 /opt/toolchains/zephyr-sdk-0.16.1/arm-zephyr-eabi/bin/../lib/gcc/../../picolibc/arm-zephyr-eabi/lib/thumb/v7e-m/nofp/libc.a(libc_tinystdio_ryu_table.c.o)
                0x000000000800bc30                __double_computePow5
 .text.__double_computeInvPow5
                0x000000000800bd18       0xf8 /opt/toolchains/zephyr-sdk-0.16.1/arm-zephyr-eabi/bin/../lib/gcc/../../picolibc/arm-zephyr-eabi/lib/thumb/v7e-m/nofp/libc.a(libc_tinystdio_ryu_table.c.o)
                0x000000000800bd18                __double_computeInvPow5
 .text.__atod_engine
                0x000000000800be10      0x1bc /opt/toolchains/zephyr-sdk-0.16.1/arm-zephyr-eabi/bin/../lib/gcc/../../picolibc/arm-zephyr-eabi/lib/thumb/v7e-m/nofp/libc.a(libc_tinystdio_atod_ryu.c.o)
                0x000000000800be10                __atod_engine
 .text.__log2pow5
                0x000000000800bfcc        0xc /opt/toolchains/zephyr-sdk-0.16.1/arm-zephyr-eabi/bin/../lib/gcc/../../picolibc/arm-zephyr-eabi/lib/thumb/v7e-m/nofp/libc.a(libc_tinystdio_ryu_log2pow5.c.o)
                0x000000000800bfcc                __log2pow5
 .text.__ceil_log2pow5
                0x000000000800bfd8       0x10 /opt/toolchains/zephyr-sdk-0.16.1/arm-zephyr-eabi/bin/../lib/gcc/../../picolibc/arm-zephyr-eabi/lib/thumb/v7e-m/nofp/libc.a(libc_tinystdio_ryu_log2pow5.c.o)
                0x000000000800bfd8                __ceil_log2pow5
 .text.__log10Pow2
                0x000000000800bfe8        0xc /opt/toolchains/zephyr-sdk-0.16.1/arm-zephyr-eabi/bin/../lib/gcc/../../picolibc/arm-zephyr-eabi/lib/thumb/v7e-m/nofp/libc.a(libc_tinystdio_ryu_log10.c.o)
                0x000000000800bfe8                __log10Pow2
 .text.__log10Pow5
                0x000000000800bff4        0xc /opt/toolchains/zephyr-sdk-0.16.1/arm-zephyr-eabi/bin/../lib/gcc/../../picolibc/arm-zephyr-eabi/lib/thumb/v7e-m/nofp/libc.a(libc_tinystdio_ryu_log10.c.o)
                0x000000000800bff4                __log10Pow5
 .text.__pow5bits
                0x000000000800c000       0x10 /opt/toolchains/zephyr-sdk-0.16.1/arm-zephyr-eabi/bin/../lib/gcc/../../picolibc/arm-zephyr-eabi/lib/thumb/v7e-m/nofp/libc.a(libc_tinystdio_ryu_pow5bits.c.o)
                0x000000000800c000                __pow5bits
 .text._OffsetAbsSyms
                0x000000000800c010        0x2 zephyr/CMakeFiles/offsets.dir/./arch/arm/core/offsets/offsets.c.obj
                0x000000000800c010                _OffsetAbsSyms
 .text.print_uart1
                0x000000000800c012       0x2a app/libapp.a(sensor.c.obj)
                0x000000000800c012                print_uart1
 .text.z_log_msg_static_create.constprop.0
                0x000000000800c03c        0x6 app/libapp.a(uart_handle.c.obj)
 .text.pwm_set_cycles.constprop.0
                0x000000000800c042       0x1a app/libapp.a(motor.c.obj)
 .text.gpio_pin_set_dt.isra.0
                0x000000000800c05c       0x28 app/libapp.a(valve.c.obj)
 .text.valve_pwm_output
                0x000000000800c084       0x34 app/libapp.a(valve.c.obj)
                0x000000000800c084                valve_pwm_output
 .text.cbpprintf_external
                0x000000000800c0b8       0x62 zephyr/libzephyr.a(cbprintf_packaged.c.obj)
                0x000000000800c0b8                cbpprintf_external
 .text.is_ptr   0x000000000800c11a       0x4a zephyr/libzephyr.a(cbprintf_packaged.c.obj)
                0x000000000800c11a                is_ptr
 .text.arch_printk_char_out
                0x000000000800c164        0x4 zephyr/libzephyr.a(printk.c.obj)
                0x000000000800c164                arch_printk_char_out
 .text.printk   0x000000000800c168       0x1a zephyr/libzephyr.a(printk.c.obj)
                0x000000000800c168                printk
 .text.chunk_size
                0x000000000800c182        0xa zephyr/libzephyr.a(heap.c.obj)
 .text.free_list_add
                0x000000000800c18c       0x4e zephyr/libzephyr.a(heap.c.obj)
 .text.sys_heap_init
                0x000000000800c1da       0x7a zephyr/libzephyr.a(heap.c.obj)
                0x000000000800c1da                sys_heap_init
 .text.ring_buf_put_claim
                0x000000000800c254       0x3e zephyr/libzephyr.a(ring_buffer.c.obj)
                0x000000000800c254                ring_buf_put_claim
 .text.ring_buf_put_finish
                0x000000000800c292       0x2a zephyr/libzephyr.a(ring_buffer.c.obj)
                0x000000000800c292                ring_buf_put_finish
 .text.ring_buf_put
                0x000000000800c2bc       0x3e zephyr/libzephyr.a(ring_buffer.c.obj)
                0x000000000800c2bc                ring_buf_put
 .text.ring_buf_get_claim
                0x000000000800c2fa       0x40 zephyr/libzephyr.a(ring_buffer.c.obj)
                0x000000000800c2fa                ring_buf_get_claim
 .text.ring_buf_get_finish
                0x000000000800c33a       0x2a zephyr/libzephyr.a(ring_buffer.c.obj)
                0x000000000800c33a                ring_buf_get_finish
 .text.ring_buf_get
                0x000000000800c364       0x40 zephyr/libzephyr.a(ring_buffer.c.obj)
                0x000000000800c364                ring_buf_get
 .text.free_space
                0x000000000800c3a4       0x26 zephyr/libzephyr.a(mpsc_pbuf.c.obj)
 .text.get_usage
                0x000000000800c3ca       0x22 zephyr/libzephyr.a(mpsc_pbuf.c.obj)
 .text.idx_inc  0x000000000800c3ec       0x1c zephyr/libzephyr.a(mpsc_pbuf.c.obj)
 .text.rd_idx_inc
                0x000000000800c408       0x18 zephyr/libzephyr.a(mpsc_pbuf.c.obj)
 .text.add_skip_item
                0x000000000800c420       0x3a zephyr/libzephyr.a(mpsc_pbuf.c.obj)
 .text.drop_item_locked
                0x000000000800c45a       0xee zephyr/libzephyr.a(mpsc_pbuf.c.obj)
 .text.post_drop_action
                0x000000000800c548       0x36 zephyr/libzephyr.a(mpsc_pbuf.c.obj)
 .text.max_utilization_update
                0x000000000800c57e       0x1a zephyr/libzephyr.a(mpsc_pbuf.c.obj)
 .text.mpsc_pbuf_init
                0x000000000800c598       0x42 zephyr/libzephyr.a(mpsc_pbuf.c.obj)
                0x000000000800c598                mpsc_pbuf_init
 .text.mpsc_pbuf_alloc
                0x000000000800c5da       0xfc zephyr/libzephyr.a(mpsc_pbuf.c.obj)
                0x000000000800c5da                mpsc_pbuf_alloc
 .text.mpsc_pbuf_commit
                0x000000000800c6d6       0x40 zephyr/libzephyr.a(mpsc_pbuf.c.obj)
                0x000000000800c6d6                mpsc_pbuf_commit
 .text.mpsc_pbuf_claim
                0x000000000800c716       0xa4 zephyr/libzephyr.a(mpsc_pbuf.c.obj)
                0x000000000800c716                mpsc_pbuf_claim
 .text.mpsc_pbuf_free
                0x000000000800c7ba       0x78 zephyr/libzephyr.a(mpsc_pbuf.c.obj)
                0x000000000800c7ba                mpsc_pbuf_free
 .text.mpsc_pbuf_is_pending
                0x000000000800c832       0x1a zephyr/libzephyr.a(mpsc_pbuf.c.obj)
                0x000000000800c832                mpsc_pbuf_is_pending
 .text.mpsc_pbuf_get_utilization
                0x000000000800c84c       0x16 zephyr/libzephyr.a(mpsc_pbuf.c.obj)
                0x000000000800c84c                mpsc_pbuf_get_utilization
 .text.mpsc_pbuf_get_max_utilization
                0x000000000800c862       0x16 zephyr/libzephyr.a(mpsc_pbuf.c.obj)
                0x000000000800c862                mpsc_pbuf_get_max_utilization
 .text._ConfigAbsSyms
                0x000000000800c878        0x2 zephyr/libzephyr.a(configs.c.obj)
                0x000000000800c878                _ConfigAbsSyms
 .text.gd32f4xx_soc_init
                0x000000000800c87a        0xa zephyr/libzephyr.a(soc.c.obj)
 .text.log_msg_generic_get_wlen
                0x000000000800c884       0x20 zephyr/libzephyr.a(log_core.c.obj)
 .text.dummy_timestamp
                0x000000000800c8a4        0x4 zephyr/libzephyr.a(log_core.c.obj)
 .text.atomic_inc
                0x000000000800c8a8       0x1a zephyr/libzephyr.a(log_core.c.obj)
 .text.default_lf_get_timestamp
                0x000000000800c8c2       0x10 zephyr/libzephyr.a(log_core.c.obj)
 .text.z_log_vprintk
                0x000000000800c8d2       0x1c zephyr/libzephyr.a(log_core.c.obj)
                0x000000000800c8d2                z_log_vprintk
 .text.z_log_notify_drop
                0x000000000800c8ee        0x6 zephyr/libzephyr.a(log_core.c.obj)
 .text.log_backend_disable
                0x000000000800c8f4       0x18 zephyr/libzephyr.a(log_mgmt.c.obj)
                0x000000000800c8f4                log_backend_disable
 .text.z_cbprintf_cpy
                0x000000000800c90c       0x2c zephyr/libzephyr.a(log_msg.c.obj)
 .text.z_log_msg_finalize
                0x000000000800c938       0x32 zephyr/libzephyr.a(log_msg.c.obj)
                0x000000000800c938                z_log_msg_finalize
 .text.buffer_write
                0x000000000800c96a       0x1a zephyr/libzephyr.a(log_output.c.obj)
 .text.log_output_flush
                0x000000000800c984       0x1a zephyr/libzephyr.a(log_output.c.obj)
                0x000000000800c984                log_output_flush
 .text.out_func
                0x000000000800c99e       0x36 zephyr/libzephyr.a(log_output.c.obj)
 .text.cr_out_func
                0x000000000800c9d4       0x1c zephyr/libzephyr.a(log_output.c.obj)
 .text.log_halt
                0x000000000800c9f0        0x8 zephyr/libzephyr.a(log_cmds.c.obj)
 .text.log_go   0x000000000800c9f8        0xa zephyr/libzephyr.a(log_cmds.c.obj)
 .text.cmd_log_self_status
                0x000000000800ca02       0x20 zephyr/libzephyr.a(log_cmds.c.obj)
 .text.cmd_log_self_enable
                0x000000000800ca22       0x22 zephyr/libzephyr.a(log_cmds.c.obj)
 .text.log_disable
                0x000000000800ca44       0x14 zephyr/libzephyr.a(log_cmds.c.obj)
 .text.cmd_log_self_disable
                0x000000000800ca58       0x22 zephyr/libzephyr.a(log_cmds.c.obj)
 .text.cmd_log_self_go
                0x000000000800ca7a       0x18 zephyr/libzephyr.a(log_cmds.c.obj)
 .text.cmd_log_self_halt
                0x000000000800ca92       0x18 zephyr/libzephyr.a(log_cmds.c.obj)
 .text.log_msg_generic_get_wlen
                0x000000000800caaa       0x20 zephyr/libzephyr.a(shell_uart.c.obj)
 .text.uart_irq_tx_disable
                0x000000000800caca        0xa zephyr/libzephyr.a(shell_uart.c.obj)
 .text.enable   0x000000000800cad4       0x16 zephyr/libzephyr.a(shell_uart.c.obj)
 .text.read     0x000000000800caea       0x12 zephyr/libzephyr.a(shell_uart.c.obj)
 .text.uninit   0x000000000800cafc       0x22 zephyr/libzephyr.a(shell_uart.c.obj)
 .text.write    0x000000000800cb1e       0x6e zephyr/libzephyr.a(shell_uart.c.obj)
 .text.cmd_buffer_clear
                0x000000000800cb8c       0x12 zephyr/libzephyr.a(shell.c.obj)
 .text.atomic_or
                0x000000000800cb9e       0x1e zephyr/libzephyr.a(shell.c.obj)
 .text.atomic_and
                0x000000000800cbbc       0x1e zephyr/libzephyr.a(shell.c.obj)
 .text.shell_signal_handle
                0x000000000800cbda       0x2c zephyr/libzephyr.a(shell.c.obj)
 .text.z_shell_strlen
                0x000000000800cc06        0xc zephyr/libzephyr.a(shell.c.obj)
 .text.z_shell_raw_fprintf
                0x000000000800cc12       0x1a zephyr/libzephyr.a(shell.c.obj)
 .text.k_mutex_lock.constprop.0.isra.0
                0x000000000800cc2c        0x4 zephyr/libzephyr.a(shell.c.obj)
 .text.transport_evt_handler
                0x000000000800cc30       0x14 zephyr/libzephyr.a(shell.c.obj)
 .text.z_flag_cmd_ctx_set.isra.0
                0x000000000800cc44       0x16 zephyr/libzephyr.a(shell.c.obj)
 .text.z_flag_history_exit_set.isra.0
                0x000000000800cc5a       0x14 zephyr/libzephyr.a(shell.c.obj)
 .text.z_flag_insert_mode_set.isra.0
                0x000000000800cc6e       0x1e zephyr/libzephyr.a(shell.c.obj)
 .text.k_mutex_unlock.isra.0
                0x000000000800cc8c        0x4 zephyr/libzephyr.a(shell.c.obj)
 .text.shell_log_process
                0x000000000800cc90       0x46 zephyr/libzephyr.a(shell.c.obj)
 .text.shell_vfprintf
                0x000000000800ccd6       0x8a zephyr/libzephyr.a(shell.c.obj)
                0x000000000800ccd6                shell_vfprintf
 .text.shell_fprintf
                0x000000000800cd60       0x1a zephyr/libzephyr.a(shell.c.obj)
                0x000000000800cd60                shell_fprintf
 .text.shell_prompt_change
                0x000000000800cd7a       0x20 zephyr/libzephyr.a(shell.c.obj)
                0x000000000800cd7a                shell_prompt_change
 .text.shell_help
                0x000000000800cd9a       0x2a zephyr/libzephyr.a(shell.c.obj)
                0x000000000800cd9a                shell_help
 .text.shell_get_return_value
                0x000000000800cdc4       0x10 zephyr/libzephyr.a(shell.c.obj)
                0x000000000800cdc4                shell_get_return_value
 .text.shell_set_bypass
                0x000000000800cdd4        0xc zephyr/libzephyr.a(shell.c.obj)
                0x000000000800cdd4                shell_set_bypass
 .text.z_shell_fprintf_buffer_flush
                0x000000000800cde0       0x18 zephyr/libzephyr.a(shell_fprintf.c.obj)
                0x000000000800cde0                z_shell_fprintf_buffer_flush
 .text.out_func
                0x000000000800cdf8       0x3c zephyr/libzephyr.a(shell_fprintf.c.obj)
 .text.z_shell_strlen
                0x000000000800ce34        0xc zephyr/libzephyr.a(shell_utils.c.obj)
 .text.z_column_span_with_buffer_offsets_get
                0x000000000800ce40       0x1e zephyr/libzephyr.a(shell_utils.c.obj)
                0x000000000800ce40                z_column_span_with_buffer_offsets_get
 .text.z_row_span_with_buffer_offsets_get
                0x000000000800ce5e       0x16 zephyr/libzephyr.a(shell_utils.c.obj)
                0x000000000800ce5e                z_row_span_with_buffer_offsets_get
 .text.z_shell_multiline_data_calc
                0x000000000800ce74       0x2c zephyr/libzephyr.a(shell_utils.c.obj)
                0x000000000800ce74                z_shell_multiline_data_calc
 .text.z_shell_pattern_remove
                0x000000000800cea0       0x4e zephyr/libzephyr.a(shell_utils.c.obj)
                0x000000000800cea0                z_shell_pattern_remove
 .text.z_shell_find_cmd
                0x000000000800ceee       0x56 zephyr/libzephyr.a(shell_utils.c.obj)
                0x000000000800ceee                z_shell_find_cmd
 .text.z_shell_get_last_command
                0x000000000800cf44       0x5c zephyr/libzephyr.a(shell_utils.c.obj)
                0x000000000800cf44                z_shell_get_last_command
 .text.z_shell_raw_fprintf
                0x000000000800cfa0       0x1a zephyr/libzephyr.a(shell_ops.c.obj)
 .text.full_line_cmd.isra.0
                0x000000000800cfba       0x24 zephyr/libzephyr.a(shell_ops.c.obj)
 .text.z_shell_cursor_in_empty_line
                0x000000000800cfde       0x2e zephyr/libzephyr.a(shell_ops.c.obj)
                0x000000000800cfde                z_shell_cursor_in_empty_line
 .text.z_shell_op_cond_next_line
                0x000000000800d00c       0x1e zephyr/libzephyr.a(shell_ops.c.obj)
                0x000000000800d00c                z_shell_op_cond_next_line
 .text.z_shell_op_cursor_position_synchronize
                0x000000000800d02a       0x46 zephyr/libzephyr.a(shell_ops.c.obj)
                0x000000000800d02a                z_shell_op_cursor_position_synchronize
 .text.z_shell_op_cursor_move
                0x000000000800d070       0x48 zephyr/libzephyr.a(shell_ops.c.obj)
                0x000000000800d070                z_shell_op_cursor_move
 .text.z_shell_op_cursor_home_move
                0x000000000800d0b8        0xc zephyr/libzephyr.a(shell_ops.c.obj)
                0x000000000800d0b8                z_shell_op_cursor_home_move
 .text.z_shell_op_cursor_end_move
                0x000000000800d0c4        0xe zephyr/libzephyr.a(shell_ops.c.obj)
                0x000000000800d0c4                z_shell_op_cursor_end_move
 .text.z_shell_op_left_arrow
                0x000000000800d0d2       0x10 zephyr/libzephyr.a(shell_ops.c.obj)
                0x000000000800d0d2                z_shell_op_left_arrow
 .text.z_shell_op_right_arrow
                0x000000000800d0e2       0x12 zephyr/libzephyr.a(shell_ops.c.obj)
                0x000000000800d0e2                z_shell_op_right_arrow
 .text.z_shell_op_delete_from_cursor
                0x000000000800d0f4       0x16 zephyr/libzephyr.a(shell_ops.c.obj)
                0x000000000800d0f4                z_shell_op_delete_from_cursor
 .text.z_shell_cmd_line_erase
                0x000000000800d10a       0x34 zephyr/libzephyr.a(shell_ops.c.obj)
                0x000000000800d10a                z_shell_cmd_line_erase
 .text.z_shell_write
                0x000000000800d13e       0x88 zephyr/libzephyr.a(shell_ops.c.obj)
                0x000000000800d13e                z_shell_write
 .text.z_shell_print_stream
                0x000000000800d1c6        0x4 zephyr/libzephyr.a(shell_ops.c.obj)
                0x000000000800d1c6                z_shell_print_stream
 .text.z_shell_vfprintf
                0x000000000800d1ca       0x4a zephyr/libzephyr.a(shell_ops.c.obj)
                0x000000000800d1ca                z_shell_vfprintf
 .text.z_shell_fprintf
                0x000000000800d214       0x1a zephyr/libzephyr.a(shell_ops.c.obj)
                0x000000000800d214                z_shell_fprintf
 .text.data_insert
                0x000000000800d22e       0x66 zephyr/libzephyr.a(shell_ops.c.obj)
 .text.z_shell_op_completion_insert
                0x000000000800d294        0x4 zephyr/libzephyr.a(shell_ops.c.obj)
                0x000000000800d294                z_shell_op_completion_insert
 .text.z_shell_op_char_delete
                0x000000000800d298       0x36 zephyr/libzephyr.a(shell_ops.c.obj)
                0x000000000800d298                z_shell_op_char_delete
 .text.z_shell_op_char_backspace
                0x000000000800d2ce       0x22 zephyr/libzephyr.a(shell_ops.c.obj)
                0x000000000800d2ce                z_shell_op_char_backspace
 .text.process_msg_from_buffer
                0x000000000800d2f0       0x34 zephyr/libzephyr.a(shell_log_backend.c.obj)
 .text.dropped  0x000000000800d324       0x38 zephyr/libzephyr.a(shell_log_backend.c.obj)
 .text.process  0x000000000800d35c      0x126 zephyr/libzephyr.a(shell_log_backend.c.obj)
 .text.z_shell_log_backend_output_func
                0x000000000800d482       0x14 zephyr/libzephyr.a(shell_log_backend.c.obj)
                0x000000000800d482                z_shell_log_backend_output_func
 .text.z_shell_log_backend_enable
                0x000000000800d496       0x2e zephyr/libzephyr.a(shell_log_backend.c.obj)
                0x000000000800d496                z_shell_log_backend_enable
 .text.z_shell_log_backend_disable
                0x000000000800d4c4       0x12 zephyr/libzephyr.a(shell_log_backend.c.obj)
                0x000000000800d4c4                z_shell_log_backend_disable
 .text.panic    0x000000000800d4d6       0x70 zephyr/libzephyr.a(shell_log_backend.c.obj)
 .text.z_shell_log_backend_process
                0x000000000800d546       0x66 zephyr/libzephyr.a(shell_log_backend.c.obj)
                0x000000000800d546                z_shell_log_backend_process
 .text.z_shell_raw_fprintf
                0x000000000800d5ac       0x1a zephyr/libzephyr.a(shell_help.c.obj)
 .text.cmd_comment
                0x000000000800d5c6        0x4 zephyr/libzephyr.a(shell_cmds.c.obj)
 .text.cmd_shell_stats_reset
                0x000000000800d5ca        0x8 zephyr/libzephyr.a(shell_cmds.c.obj)
 .text.z_shell_raw_fprintf
                0x000000000800d5d2       0x1a zephyr/libzephyr.a(shell_cmds.c.obj)
 .text.cmd_prompt_on
                0x000000000800d5ec        0xc zephyr/libzephyr.a(shell_cmds.c.obj)
 .text.cmd_vt100_off
                0x000000000800d5f8       0x22 zephyr/libzephyr.a(shell_cmds.c.obj)
 .text.cmd_bacskpace_mode_delete
                0x000000000800d61a       0x22 zephyr/libzephyr.a(shell_cmds.c.obj)
 .text.cmd_colors_off
                0x000000000800d63c       0x22 zephyr/libzephyr.a(shell_cmds.c.obj)
 .text.cmd_bacskpace_mode_backspace
                0x000000000800d65e       0x22 zephyr/libzephyr.a(shell_cmds.c.obj)
 .text.cmd_echo_off
                0x000000000800d680       0x22 zephyr/libzephyr.a(shell_cmds.c.obj)
 .text.cmd_colors_on
                0x000000000800d6a2       0x22 zephyr/libzephyr.a(shell_cmds.c.obj)
 .text.cmd_vt100_on
                0x000000000800d6c4       0x22 zephyr/libzephyr.a(shell_cmds.c.obj)
 .text.cmd_echo_on
                0x000000000800d6e6       0x22 zephyr/libzephyr.a(shell_cmds.c.obj)
 .text.remove_from_tail.part.0
                0x000000000800d708       0x24 zephyr/libzephyr.a(shell_history.c.obj)
 .text.z_shell_history_mode_exit
                0x000000000800d72c        0x6 zephyr/libzephyr.a(shell_history.c.obj)
                0x000000000800d72c                z_shell_history_mode_exit
 .text.z_shell_history_get
                0x000000000800d732       0x56 zephyr/libzephyr.a(shell_history.c.obj)
                0x000000000800d732                z_shell_history_get
 .text.z_shell_history_purge
                0x000000000800d788       0x18 zephyr/libzephyr.a(shell_history.c.obj)
                0x000000000800d788                z_shell_history_purge
 .text.z_shell_history_put
                0x000000000800d7a0       0xd0 zephyr/libzephyr.a(shell_history.c.obj)
                0x000000000800d7a0                z_shell_history_put
 .text.z_shell_history_init
                0x000000000800d870        0xc zephyr/libzephyr.a(shell_history.c.obj)
                0x000000000800d870                z_shell_history_init
 .text.z_shell_has_wildcard
                0x000000000800d87c       0x28 zephyr/libzephyr.a(shell_wildcard.c.obj)
                0x000000000800d87c                z_shell_has_wildcard
 .text.z_shell_wildcard_prepare
                0x000000000800d8a4       0x40 zephyr/libzephyr.a(shell_wildcard.c.obj)
                0x000000000800d8a4                z_shell_wildcard_prepare
 .text.z_shell_wildcard_finalize
                0x000000000800d8e4       0x1e zephyr/libzephyr.a(shell_wildcard.c.obj)
                0x000000000800d8e4                z_shell_wildcard_finalize
 .text.z_do_kernel_oops
                0x000000000800d902        0x8 zephyr/arch/arch/arm/core/libarch__arm__core.a(fatal.c.obj)
                0x000000000800d902                z_do_kernel_oops
 .text.z_arm_nmi
                0x000000000800d90a        0xe zephyr/arch/arch/arm/core/libarch__arm__core.a(nmi.c.obj)
                0x000000000800d90a                z_arm_nmi
 .text.z_log_msg_static_create.constprop.0
                0x000000000800d918        0x6 zephyr/arch/arch/arm/core/cortex_m/libarch__arm__core__cortex_m.a(fault.c.obj)
 .text.z_irq_spurious
                0x000000000800d91e        0x8 zephyr/arch/arch/arm/core/cortex_m/libarch__arm__core__cortex_m.a(irq_manage.c.obj)
                0x000000000800d91e                z_irq_spurious
 .text.size_to_mpu_rasr_size
                0x000000000800d926       0x20 zephyr/arch/arch/arm/core/mpu/libarch__arm__core__mpu.a(arm_mpu.c.obj)
 .text.cbputc   0x000000000800d946        0xc zephyr/lib/libc/picolibc/liblib__libc__picolibc.a(libc-hooks.c.obj)
 .text.picolibc_put
                0x000000000800d952        0xa zephyr/lib/libc/picolibc/liblib__libc__picolibc.a(libc-hooks.c.obj)
 .text.fnmatchx
                0x000000000800d95c      0x23c zephyr/lib/posix/liblib__posix.a(fnmatch.c.obj)
 .text.fnmatch  0x000000000800db98        0x6 zephyr/lib/posix/liblib__posix.a(fnmatch.c.obj)
                0x000000000800db98                fnmatch
 .text.gd32_exti_init
                0x000000000800db9e       0x4c zephyr/drivers/interrupt_controller/libdrivers__interrupt_controller.a(intc_gd32_exti.c.obj)
 .text.clock_control_gd32_on
                0x000000000800dbea       0x1e zephyr/drivers/clock_control/libdrivers__clock_control.a(clock_control_gd32.c.obj)
 .text.clock_control_gd32_off
                0x000000000800dc08       0x22 zephyr/drivers/clock_control/libdrivers__clock_control.a(clock_control_gd32.c.obj)
 .text.clock_control_gd32_get_status
                0x000000000800dc2a       0x20 zephyr/drivers/clock_control/libdrivers__clock_control.a(clock_control_gd32.c.obj)
 .text.gpio_gd32_configure
                0x000000000800dc4a       0x98 zephyr/drivers/gpio/libdrivers__gpio.a(gpio_gd32.c.obj)
 .text.gpio_gd32_port_get_raw
                0x000000000800dce2        0xc zephyr/drivers/gpio/libdrivers__gpio.a(gpio_gd32.c.obj)
 .text.gpio_gd32_port_set_masked_raw
                0x000000000800dcee       0x12 zephyr/drivers/gpio/libdrivers__gpio.a(gpio_gd32.c.obj)
 .text.gpio_gd32_port_set_bits_raw
                0x000000000800dd00        0xa zephyr/drivers/gpio/libdrivers__gpio.a(gpio_gd32.c.obj)
 .text.gpio_gd32_port_clear_bits_raw
                0x000000000800dd0a        0xa zephyr/drivers/gpio/libdrivers__gpio.a(gpio_gd32.c.obj)
 .text.gpio_gd32_port_toggle_bits
                0x000000000800dd14        0xa zephyr/drivers/gpio/libdrivers__gpio.a(gpio_gd32.c.obj)
 .text.gpio_gd32_manage_callback
                0x000000000800dd1e       0x52 zephyr/drivers/gpio/libdrivers__gpio.a(gpio_gd32.c.obj)
 .text.gpio_gd32_isr
                0x000000000800dd70       0x2e zephyr/drivers/gpio/libdrivers__gpio.a(gpio_gd32.c.obj)
 .text.pinctrl_lookup_state
                0x000000000800dd9e       0x26 zephyr/drivers/pinctrl/libdrivers__pinctrl.a(common.c.obj)
                0x000000000800dd9e                pinctrl_lookup_state
 .text.pwm_gd32_set_cycles
                0x000000000800ddc4       0xb6 zephyr/drivers/pwm/libdrivers__pwm.a(pwm_gd32.c.obj)
 .text.pwm_gd32_get_cycles_per_sec
                0x000000000800de7a       0x16 zephyr/drivers/pwm/libdrivers__pwm.a(pwm_gd32.c.obj)
 .text.reset_gd32_status
                0x000000000800de90       0x20 zephyr/drivers/reset/libdrivers__reset.a(reset_gd32.c.obj)
 .text.reset_gd32_line_assert
                0x000000000800deb0       0x1c zephyr/drivers/reset/libdrivers__reset.a(reset_gd32.c.obj)
 .text.reset_gd32_line_deassert
                0x000000000800decc       0x1e zephyr/drivers/reset/libdrivers__reset.a(reset_gd32.c.obj)
 .text.reset_gd32_line_toggle
                0x000000000800deea       0x16 zephyr/drivers/reset/libdrivers__reset.a(reset_gd32.c.obj)
 .text.usart_gd32_isr
                0x000000000800df00        0xc zephyr/drivers/serial/libdrivers__serial.a(usart_gd32.c.obj)
 .text.usart_gd32_irq_callback_set
                0x000000000800df0c        0x8 zephyr/drivers/serial/libdrivers__serial.a(usart_gd32.c.obj)
                0x000000000800df0c                usart_gd32_irq_callback_set
 .text.usart_gd32_fifo_fill
                0x000000000800df14       0x34 zephyr/drivers/serial/libdrivers__serial.a(usart_gd32.c.obj)
                0x000000000800df14                usart_gd32_fifo_fill
 .text.usart_gd32_irq_tx_complete
                0x000000000800df48        0xe zephyr/drivers/serial/libdrivers__serial.a(usart_gd32.c.obj)
                0x000000000800df48                usart_gd32_irq_tx_complete
 .text.usart_gd32_irq_rx_ready
                0x000000000800df56        0xe zephyr/drivers/serial/libdrivers__serial.a(usart_gd32.c.obj)
                0x000000000800df56                usart_gd32_irq_rx_ready
 .text.usart_gd32_poll_out
                0x000000000800df64       0x18 zephyr/drivers/serial/libdrivers__serial.a(usart_gd32.c.obj)
 .text.usart_gd32_fifo_read
                0x000000000800df7c       0x34 zephyr/drivers/serial/libdrivers__serial.a(usart_gd32.c.obj)
                0x000000000800df7c                usart_gd32_fifo_read
 .text.usart_gd32_poll_in
                0x000000000800dfb0       0x22 zephyr/drivers/serial/libdrivers__serial.a(usart_gd32.c.obj)
 .text.usart_gd32_irq_tx_enable
                0x000000000800dfd2        0xc zephyr/drivers/serial/libdrivers__serial.a(usart_gd32.c.obj)
                0x000000000800dfd2                usart_gd32_irq_tx_enable
 .text.usart_gd32_irq_rx_enable
                0x000000000800dfde        0xc zephyr/drivers/serial/libdrivers__serial.a(usart_gd32.c.obj)
                0x000000000800dfde                usart_gd32_irq_rx_enable
 .text.usart_gd32_irq_err_enable
                0x000000000800dfea       0x1c zephyr/drivers/serial/libdrivers__serial.a(usart_gd32.c.obj)
                0x000000000800dfea                usart_gd32_irq_err_enable
 .text.usart_gd32_irq_tx_disable
                0x000000000800e006        0xc zephyr/drivers/serial/libdrivers__serial.a(usart_gd32.c.obj)
                0x000000000800e006                usart_gd32_irq_tx_disable
 .text.usart_gd32_irq_rx_disable
                0x000000000800e012        0xc zephyr/drivers/serial/libdrivers__serial.a(usart_gd32.c.obj)
                0x000000000800e012                usart_gd32_irq_rx_disable
 .text.usart_gd32_irq_err_disable
                0x000000000800e01e       0x1c zephyr/drivers/serial/libdrivers__serial.a(usart_gd32.c.obj)
                0x000000000800e01e                usart_gd32_irq_err_disable
 .text.usart_gd32_err_check
                0x000000000800e03a       0x32 zephyr/drivers/serial/libdrivers__serial.a(usart_gd32.c.obj)
 .text.usart_gd32_config_func_0
                0x000000000800e06c       0x16 zephyr/drivers/serial/libdrivers__serial.a(usart_gd32.c.obj)
 .text.usart_gd32_config_func_1
                0x000000000800e082       0x16 zephyr/drivers/serial/libdrivers__serial.a(usart_gd32.c.obj)
 .text.usart_gd32_config_func_2
                0x000000000800e098       0x16 zephyr/drivers/serial/libdrivers__serial.a(usart_gd32.c.obj)
 .text.spi_context_get_next_buf
                0x000000000800e0ae       0x2c zephyr/drivers/spi/libdrivers__spi.a(spi_gd32.c.obj)
 .text.gpio_pin_set_dt.isra.0
                0x000000000800e0da       0x28 zephyr/drivers/spi/libdrivers__spi.a(spi_gd32.c.obj)
 .text.spi_context_unlock_unconditionally
                0x000000000800e102       0x30 zephyr/drivers/spi/libdrivers__spi.a(spi_gd32.c.obj)
 .text.spi_gd32_release
                0x000000000800e132        0xc zephyr/drivers/spi/libdrivers__spi.a(spi_gd32.c.obj)
 .text.gpio_mode_set
                0x000000000800e13e       0x40 modules/hal_gigadevice/libhal_gigadevice.a(gd32f4xx_gpio.c.obj)
                0x000000000800e13e                gpio_mode_set
 .text.gpio_output_options_set
                0x000000000800e17e       0x36 modules/hal_gigadevice/libhal_gigadevice.a(gd32f4xx_gpio.c.obj)
                0x000000000800e17e                gpio_output_options_set
 .text.gpio_af_set
                0x000000000800e1b4       0x58 modules/hal_gigadevice/libhal_gigadevice.a(gd32f4xx_gpio.c.obj)
                0x000000000800e1b4                gpio_af_set
 .text.usart_parity_config
                0x000000000800e20c       0x10 modules/hal_gigadevice/libhal_gigadevice.a(gd32f4xx_usart.c.obj)
                0x000000000800e20c                usart_parity_config
 .text.usart_word_length_set
                0x000000000800e21c       0x10 modules/hal_gigadevice/libhal_gigadevice.a(gd32f4xx_usart.c.obj)
                0x000000000800e21c                usart_word_length_set
 .text.usart_stop_bit_set
                0x000000000800e22c       0x10 modules/hal_gigadevice/libhal_gigadevice.a(gd32f4xx_usart.c.obj)
                0x000000000800e22c                usart_stop_bit_set
 .text.usart_enable
                0x000000000800e23c        0xa modules/hal_gigadevice/libhal_gigadevice.a(gd32f4xx_usart.c.obj)
                0x000000000800e23c                usart_enable
 .text.usart_transmit_config
                0x000000000800e246        0xc modules/hal_gigadevice/libhal_gigadevice.a(gd32f4xx_usart.c.obj)
                0x000000000800e246                usart_transmit_config
 .text.usart_receive_config
                0x000000000800e252        0xc modules/hal_gigadevice/libhal_gigadevice.a(gd32f4xx_usart.c.obj)
                0x000000000800e252                usart_receive_config
 .text.usart_data_transmit
                0x000000000800e25e        0x8 modules/hal_gigadevice/libhal_gigadevice.a(gd32f4xx_usart.c.obj)
                0x000000000800e25e                usart_data_transmit
 .text.usart_data_receive
                0x000000000800e266        0x8 modules/hal_gigadevice/libhal_gigadevice.a(gd32f4xx_usart.c.obj)
                0x000000000800e266                usart_data_receive
 .text.usart_flag_get
                0x000000000800e26e       0x16 modules/hal_gigadevice/libhal_gigadevice.a(gd32f4xx_usart.c.obj)
                0x000000000800e26e                usart_flag_get
 .text.usart_flag_clear
                0x000000000800e284       0x16 modules/hal_gigadevice/libhal_gigadevice.a(gd32f4xx_usart.c.obj)
                0x000000000800e284                usart_flag_clear
 .text.usart_interrupt_enable
                0x000000000800e29a       0x14 modules/hal_gigadevice/libhal_gigadevice.a(gd32f4xx_usart.c.obj)
                0x000000000800e29a                usart_interrupt_enable
 .text.usart_interrupt_disable
                0x000000000800e2ae        0x4 modules/hal_gigadevice/libhal_gigadevice.a(gd32f4xx_usart.c.obj)
                0x000000000800e2ae                usart_interrupt_disable
 .text.usart_interrupt_flag_get
                0x000000000800e2b2       0x2a modules/hal_gigadevice/libhal_gigadevice.a(gd32f4xx_usart.c.obj)
                0x000000000800e2b2                usart_interrupt_flag_get
 .text.z_device_state_init
                0x000000000800e2dc        0x2 zephyr/kernel/libkernel.a(device.c.obj)
                0x000000000800e2dc                z_device_state_init
 .text.z_device_is_ready
                0x000000000800e2de       0x16 zephyr/kernel/libkernel.a(device.c.obj)
                0x000000000800e2de                z_device_is_ready
 .text.arch_system_halt
                0x000000000800e2f4       0x12 zephyr/kernel/libkernel.a(fatal.c.obj)
                0x000000000800e2f4                arch_system_halt
 .text.z_early_memset
                0x000000000800e306        0x4 zephyr/kernel/libkernel.a(init.c.obj)
                0x000000000800e306                z_early_memset
 .text.z_early_memcpy
                0x000000000800e30a        0x4 zephyr/kernel/libkernel.a(init.c.obj)
                0x000000000800e30a                z_early_memcpy
 .text.k_is_in_isr
                0x000000000800e30e        0xc zephyr/kernel/libkernel.a(thread.c.obj)
                0x000000000800e30e                k_is_in_isr
 .text.k_thread_name_get
                0x000000000800e31a        0x4 zephyr/kernel/libkernel.a(thread.c.obj)
                0x000000000800e31a                k_thread_name_get
 .text.z_impl_k_thread_start
                0x000000000800e31e        0x4 zephyr/kernel/libkernel.a(thread.c.obj)
                0x000000000800e31e                z_impl_k_thread_start
 .text.z_stack_space_get
                0x000000000800e322       0x18 zephyr/kernel/libkernel.a(thread.c.obj)
                0x000000000800e322                z_stack_space_get
 .text.z_impl_k_thread_stack_space_get